Archive member included to satisfy reference by file (symbol)

D:/ST/STM32CubeIDE_1.18.0/STM32CubeIDE/plugins/com.st.stm32cube.ide.mcu.externaltools.gnu-tools-for-stm32.13.3.rel1.win32_1.0.0.202411081344/tools/bin/../lib/gcc/arm-none-eabi/13.3.1/../../../../arm-none-eabi/lib/thumb/v7e-m+fp/hard\libc_nano.a(libc_a-exit.o)
                              D:/ST/STM32CubeIDE_1.18.0/STM32CubeIDE/plugins/com.st.stm32cube.ide.mcu.externaltools.gnu-tools-for-stm32.13.3.rel1.win32_1.0.0.202411081344/tools/bin/../lib/gcc/arm-none-eabi/13.3.1/../../../../arm-none-eabi/lib/thumb/v7e-m+fp/hard/crt0.o (exit)
D:/ST/STM32CubeIDE_1.18.0/STM32CubeIDE/plugins/com.st.stm32cube.ide.mcu.externaltools.gnu-tools-for-stm32.13.3.rel1.win32_1.0.0.202411081344/tools/bin/../lib/gcc/arm-none-eabi/13.3.1/../../../../arm-none-eabi/lib/thumb/v7e-m+fp/hard\libc_nano.a(libc_a-findfp.o)
                              D:/ST/STM32CubeIDE_1.18.0/STM32CubeIDE/plugins/com.st.stm32cube.ide.mcu.externaltools.gnu-tools-for-stm32.13.3.rel1.win32_1.0.0.202411081344/tools/bin/../lib/gcc/arm-none-eabi/13.3.1/../../../../arm-none-eabi/lib/thumb/v7e-m+fp/hard\libc_nano.a(libc_a-exit.o) (__stdio_exit_handler)
D:/ST/STM32CubeIDE_1.18.0/STM32CubeIDE/plugins/com.st.stm32cube.ide.mcu.externaltools.gnu-tools-for-stm32.13.3.rel1.win32_1.0.0.202411081344/tools/bin/../lib/gcc/arm-none-eabi/13.3.1/../../../../arm-none-eabi/lib/thumb/v7e-m+fp/hard\libc_nano.a(libc_a-fwalk.o)
                              D:/ST/STM32CubeIDE_1.18.0/STM32CubeIDE/plugins/com.st.stm32cube.ide.mcu.externaltools.gnu-tools-for-stm32.13.3.rel1.win32_1.0.0.202411081344/tools/bin/../lib/gcc/arm-none-eabi/13.3.1/../../../../arm-none-eabi/lib/thumb/v7e-m+fp/hard\libc_nano.a(libc_a-findfp.o) (_fwalk_sglue)
D:/ST/STM32CubeIDE_1.18.0/STM32CubeIDE/plugins/com.st.stm32cube.ide.mcu.externaltools.gnu-tools-for-stm32.13.3.rel1.win32_1.0.0.202411081344/tools/bin/../lib/gcc/arm-none-eabi/13.3.1/../../../../arm-none-eabi/lib/thumb/v7e-m+fp/hard\libc_nano.a(libc_a-stdio.o)
                              D:/ST/STM32CubeIDE_1.18.0/STM32CubeIDE/plugins/com.st.stm32cube.ide.mcu.externaltools.gnu-tools-for-stm32.13.3.rel1.win32_1.0.0.202411081344/tools/bin/../lib/gcc/arm-none-eabi/13.3.1/../../../../arm-none-eabi/lib/thumb/v7e-m+fp/hard\libc_nano.a(libc_a-findfp.o) (__sread)
D:/ST/STM32CubeIDE_1.18.0/STM32CubeIDE/plugins/com.st.stm32cube.ide.mcu.externaltools.gnu-tools-for-stm32.13.3.rel1.win32_1.0.0.202411081344/tools/bin/../lib/gcc/arm-none-eabi/13.3.1/../../../../arm-none-eabi/lib/thumb/v7e-m+fp/hard\libc_nano.a(libc_a-vsnprintf.o)
                              ./Core/Src/main.o (vsnprintf)
D:/ST/STM32CubeIDE_1.18.0/STM32CubeIDE/plugins/com.st.stm32cube.ide.mcu.externaltools.gnu-tools-for-stm32.13.3.rel1.win32_1.0.0.202411081344/tools/bin/../lib/gcc/arm-none-eabi/13.3.1/../../../../arm-none-eabi/lib/thumb/v7e-m+fp/hard\libc_nano.a(libc_a-memset.o)
                              D:/ST/STM32CubeIDE_1.18.0/STM32CubeIDE/plugins/com.st.stm32cube.ide.mcu.externaltools.gnu-tools-for-stm32.13.3.rel1.win32_1.0.0.202411081344/tools/bin/../lib/gcc/arm-none-eabi/13.3.1/../../../../arm-none-eabi/lib/thumb/v7e-m+fp/hard/crt0.o (memset)
D:/ST/STM32CubeIDE_1.18.0/STM32CubeIDE/plugins/com.st.stm32cube.ide.mcu.externaltools.gnu-tools-for-stm32.13.3.rel1.win32_1.0.0.202411081344/tools/bin/../lib/gcc/arm-none-eabi/13.3.1/../../../../arm-none-eabi/lib/thumb/v7e-m+fp/hard\libc_nano.a(libc_a-closer.o)
                              D:/ST/STM32CubeIDE_1.18.0/STM32CubeIDE/plugins/com.st.stm32cube.ide.mcu.externaltools.gnu-tools-for-stm32.13.3.rel1.win32_1.0.0.202411081344/tools/bin/../lib/gcc/arm-none-eabi/13.3.1/../../../../arm-none-eabi/lib/thumb/v7e-m+fp/hard\libc_nano.a(libc_a-stdio.o) (_close_r)
D:/ST/STM32CubeIDE_1.18.0/STM32CubeIDE/plugins/com.st.stm32cube.ide.mcu.externaltools.gnu-tools-for-stm32.13.3.rel1.win32_1.0.0.202411081344/tools/bin/../lib/gcc/arm-none-eabi/13.3.1/../../../../arm-none-eabi/lib/thumb/v7e-m+fp/hard\libc_nano.a(libc_a-reent.o)
                              D:/ST/STM32CubeIDE_1.18.0/STM32CubeIDE/plugins/com.st.stm32cube.ide.mcu.externaltools.gnu-tools-for-stm32.13.3.rel1.win32_1.0.0.202411081344/tools/bin/../lib/gcc/arm-none-eabi/13.3.1/../../../../arm-none-eabi/lib/thumb/v7e-m+fp/hard\libc_nano.a(libc_a-closer.o) (errno)
D:/ST/STM32CubeIDE_1.18.0/STM32CubeIDE/plugins/com.st.stm32cube.ide.mcu.externaltools.gnu-tools-for-stm32.13.3.rel1.win32_1.0.0.202411081344/tools/bin/../lib/gcc/arm-none-eabi/13.3.1/../../../../arm-none-eabi/lib/thumb/v7e-m+fp/hard\libc_nano.a(libc_a-impure.o)
                              D:/ST/STM32CubeIDE_1.18.0/STM32CubeIDE/plugins/com.st.stm32cube.ide.mcu.externaltools.gnu-tools-for-stm32.13.3.rel1.win32_1.0.0.202411081344/tools/bin/../lib/gcc/arm-none-eabi/13.3.1/../../../../arm-none-eabi/lib/thumb/v7e-m+fp/hard\libc_nano.a(libc_a-vsnprintf.o) (_impure_ptr)
[...]
Memory Configuration

Name             Origin             Length             Attributes
CCMRAM           0x10000000         0x00010000         xrw
RAM              0x20000000         0x00030000         xrw
FLASH            0x08000000         0x00200000         xr
*default*        0x00000000         0xffffffff

Linker script and memory map

LOAD D:/ST/STM32CubeIDE_1.18.0/STM32CubeIDE/plugins/com.st.stm32cube.ide.mcu.externaltools.gnu-tools-for-stm32.13.3.rel1.win32_1.0.0.202411081344/tools/bin/../lib/gcc/arm-none-eabi/13.3.1/thumb/v7e-m+fp/hard/crti.o
LOAD D:/ST/STM32CubeIDE_1.18.0/STM32CubeIDE/plugins/com.st.stm32cube.ide.mcu.externaltools.gnu-tools-for-stm32.13.3.rel1.win32_1.0.0.202411081344/tools/bin/../lib/gcc/arm-none-eabi/13.3.1/thumb/v7e-m+fp/hard/crtbegin.o
LOAD D:/ST/STM32CubeIDE_1.18.0/STM32CubeIDE/plugins/com.st.stm32cube.ide.mcu.externaltools.gnu-tools-for-stm32.13.3.rel1.win32_1.0.0.202411081344/tools/bin/../lib/gcc/arm-none-eabi/13.3.1/../../../../arm-none-eabi/lib/thumb/v7e-m+fp/hard/crt0.o
LOAD ./Core/Src/main.o
LOAD ./Core/Src/stm32f4xx_hal_msp.o
LOAD ./Core/Src/stm32f4xx_it.o
LOAD ./Core/Src/syscalls.o
LOAD ./Core/Src/sysmem.o
LOAD ./Core/Src/system_stm32f4xx.o
LOAD ./Core/Startup/startup_stm32f429zitx.o
LOAD ./Drivers/STM32F4xx_HAL_Driver/Src/stm32f4xx_hal.o
LOAD ./Drivers/STM32F4xx_HAL_Driver/Src/stm32f4xx_hal_cortex.o
LOAD ./Drivers/STM32F4xx_HAL_Driver/Src/stm32f4xx_hal_dma.o
LOAD ./Drivers/STM32F4xx_HAL_Driver/Src/stm32f4xx_hal_dma_ex.o
LOAD ./Drivers/STM32F4xx_HAL_Driver/Src/stm32f4xx_hal_exti.o
LOAD ./Drivers/STM32F4xx_HAL_Driver/Src/stm32f4xx_hal_flash.o
LOAD ./Drivers/STM32F4xx_HAL_Driver/Src/stm32f4xx_hal_flash_ex.o
LOAD ./Drivers/STM32F4xx_HAL_Driver/Src/stm32f4xx_hal_flash_ramfunc.o
LOAD ./Drivers/STM32F4xx_HAL_Driver/Src/stm32f4xx_hal_gpio.o
LOAD ./Drivers/STM32F4xx_HAL_Driver/Src/stm32f4xx_hal_pcd.o
LOAD ./Drivers/STM32F4xx_HAL_Driver/Src/stm32f4xx_hal_pcd_ex.o
LOAD ./Drivers/STM32F4xx_HAL_Driver/Src/stm32f4xx_hal_pwr.o
LOAD ./Drivers/STM32F4xx_HAL_Driver/Src/stm32f4xx_hal_pwr_ex.o
LOAD ./Drivers/STM32F4xx_HAL_Driver/Src/stm32f4xx_hal_rcc.o
LOAD ./Drivers/STM32F4xx_HAL_Driver/Src/stm32f4xx_hal_rcc_ex.o
LOAD ./Drivers/STM32F4xx_HAL_Driver/Src/stm32f4xx_hal_spi.o
LOAD ./Drivers/STM32F4xx_HAL_Driver/Src/stm32f4xx_hal_uart.o
LOAD ./Drivers/STM32F4xx_HAL_Driver/Src/stm32f4xx_ll_usb.o
LOAD ./FATFS/App/fatfs.o
LOAD ./FATFS/Target/user_diskio.o
LOAD ./FATFS/Target/user_diskio_spi.o
LOAD ./Middlewares/ST/STM32_USB_Device_Library/Class/MSC/Src/usbd_msc.o
LOAD ./Middlewares/ST/STM32_USB_Device_Library/Class/MSC/Src/usbd_msc_bot.o
LOAD ./Middlewares/ST/STM32_USB_Device_Library/Class/MSC/Src/usbd_msc_data.o
LOAD ./Middlewares/ST/STM32_USB_Device_Library/Class/MSC/Src/usbd_msc_scsi.o
LOAD ./Middlewares/ST/STM32_USB_Device_Library/Core/Src/usbd_core.o
LOAD ./Middlewares/ST/STM32_USB_Device_Library/Core/Src/usbd_ctlreq.o
LOAD ./Middlewares/ST/STM32_USB_Device_Library/Core/Src/usbd_ioreq.o
LOAD ./Middlewares/Third_Party/FatFs/src/diskio.o
LOAD ./Middlewares/Third_Party/FatFs/src/ff.o
LOAD ./Middlewares/Third_Party/FatFs/src/ff_gen_drv.o
LOAD ./Middlewares/Third_Party/FatFs/src/option/syscall.o
LOAD ./USB_DEVICE/App/usb_device.o
LOAD ./USB_DEVICE/App/usbd_desc.o
LOAD ./USB_DEVICE/App/usbd_storage_if.o
LOAD ./USB_DEVICE/Target/usbd_conf.o
START GROUP
LOAD D:/ST/STM32CubeIDE_1.18.0/STM32CubeIDE/plugins/com.st.stm32cube.ide.mcu.externaltools.gnu-tools-for-stm32.13.3.rel1.win32_1.0.0.202411081344/tools/bin/../lib/gcc/arm-none-eabi/13.3.1/../../../../arm-none-eabi/lib/thumb/v7e-m+fp/hard\libc_nano.a
LOAD D:/ST/STM32CubeIDE_1.18.0/STM32CubeIDE/plugins/com.st.stm32cube.ide.mcu.externaltools.gnu-tools-for-stm32.13.3.rel1.win32_1.0.0.202411081344/tools/bin/../lib/gcc/arm-none-eabi/13.3.1/../../../../arm-none-eabi/lib/thumb/v7e-m+fp/hard\libm.a
END GROUP
START GROUP
LOAD D:/ST/STM32CubeIDE_1.18.0/STM32CubeIDE/plugins/com.st.stm32cube.ide.mcu.externaltools.gnu-tools-for-stm32.13.3.rel1.win32_1.0.0.202411081344/tools/bin/../lib/gcc/arm-none-eabi/13.3.1/thumb/v7e-m+fp/hard\libgcc.a
LOAD D:/ST/STM32CubeIDE_1.18.0/STM32CubeIDE/plugins/com.st.stm32cube.ide.mcu.externaltools.gnu-tools-for-stm32.13.3.rel1.win32_1.0.0.202411081344/tools/bin/../lib/gcc/arm-none-eabi/13.3.1/../../../../arm-none-eabi/lib/thumb/v7e-m+fp/hard\libc_nano.a
END GROUP
START GROUP
LOAD D:/ST/STM32CubeIDE_1.18.0/STM32CubeIDE/plugins/com.st.stm32cube.ide.mcu.externaltools.gnu-tools-for-stm32.13.3.rel1.win32_1.0.0.202411081344/tools/bin/../lib/gcc/arm-none-eabi/13.3.1/thumb/v7e-m+fp/hard\libgcc.a
LOAD D:/ST/STM32CubeIDE_1.18.0/STM32CubeIDE/plugins/com.st.stm32cube.ide.mcu.externaltools.gnu-tools-for-stm32.13.3.rel1.win32_1.0.0.202411081344/tools/bin/../lib/gcc/arm-none-eabi/13.3.1/../../../../arm-none-eabi/lib/thumb/v7e-m+fp/hard\libc_nano.a
LOAD D:/ST/STM32CubeIDE_1.18.0/STM32CubeIDE/plugins/com.st.stm32cube.ide.mcu.externaltools.gnu-tools-for-stm32.13.3.rel1.win32_1.0.0.202411081344/tools/bin/../lib/gcc/arm-none-eabi/13.3.1/../../../../arm-none-eabi/lib/thumb/v7e-m+fp/hard\libnosys.a
END GROUP
START GROUP
LOAD D:/ST/STM32CubeIDE_1.18.0/STM32CubeIDE/plugins/com.st.stm32cube.ide.mcu.externaltools.gnu-tools-for-stm32.13.3.rel1.win32_1.0.0.202411081344/tools/bin/../lib/gcc/arm-none-eabi/13.3.1/thumb/v7e-m+fp/hard\libgcc.a
LOAD D:/ST/STM32CubeIDE_1.18.0/STM32CubeIDE/plugins/com.st.stm32cube.ide.mcu.externaltools.gnu-tools-for-stm32.13.3.rel1.win32_1.0.0.202411081344/tools/bin/../lib/gcc/arm-none-eabi/13.3.1/../../../../arm-none-eabi/lib/thumb/v7e-m+fp/hard\libc_nano.a
LOAD D:/ST/STM32CubeIDE_1.18.0/STM32CubeIDE/plugins/com.st.stm32cube.ide.mcu.externaltools.gnu-tools-for-stm32.13.3.rel1.win32_1.0.0.202411081344/tools/bin/../lib/gcc/arm-none-eabi/13.3.1/../../../../arm-none-eabi/lib/thumb/v7e-m+fp/hard\libnosys.a
END GROUP
LOAD D:/ST/STM32CubeIDE_1.18.0/STM32CubeIDE/plugins/com.st.stm32cube.ide.mcu.externaltools.gnu-tools-for-stm32.13.3.rel1.win32_1.0.0.202411081344/tools/bin/../lib/gcc/arm-none-eabi/13.3.1/thumb/v7e-m+fp/hard/crtend.o
LOAD D:/ST/STM32CubeIDE_1.18.0/STM32CubeIDE/plugins/com.st.stm32cube.ide.mcu.externaltools.gnu-tools-for-stm32.13.3.rel1.win32_1.0.0.202411081344/tools/bin/../lib/gcc/arm-none-eabi/13.3.1/thumb/v7e-m+fp/hard/crtn.o
                0x20030000                        _estack = (ORIGIN (RAM) + LENGTH (RAM))
                0x00000200                        _Min_Heap_Size = 0x200
                0x00000400                        _Min_Stack_Size = 0x400

.isr_vector     0x08000000      0x1ac
                0x08000000                        . = ALIGN (0x4)
 *(.isr_vector)
 .isr_vector    0x08000000      0x1ac ./Core/Startup/startup_stm32f429zitx.o
                0x08000000                g_pfnVectors
                0x080001ac                        . = ALIGN (0x4)

.text           0x080001b0     0xd888
                0x080001b0                        . = ALIGN (0x4)
 *(.text)
 .text          0x080001b0       0x40 D:/ST/STM32CubeIDE_1.18.0/STM32CubeIDE/plugins/com.st.stm32cube.ide.mcu.externaltools.gnu-tools-for-stm32.13.3.rel1.win32_1.0.0.202411081344/tools/bin/../lib/gcc/arm-none-eabi/13.3.1/thumb/v7e-m+fp/hard/crtbegin.o
 .text          0x080001f0       0x10 D:/ST/STM32CubeIDE_1.18.0/STM32CubeIDE/plugins/com.st.stm32cube.ide.mcu.externaltools.gnu-tools-for-stm32.13.3.rel1.win32_1.0.0.202411081344/tools/bin/../lib/gcc/arm-none-eabi/13.3.1/../../../../arm-none-eabi/lib/thumb/v7e-m+fp/hard\libc_nano.a(libc_a-strlen.o)
                0x080001f0                strlen
 .text          0x08000200       0xa0 D:/ST/STM32CubeIDE_1.18.0/STM32CubeIDE/plugins/com.st.stm32cube.ide.mcu.externaltools.gnu-tools-for-stm32.13.3.rel1.win32_1.0.0.202411081344/tools/bin/../lib/gcc/arm-none-eabi/13.3.1/../../../../arm-none-eabi/lib/thumb/v7e-m+fp/hard\libc_nano.a(libc_a-memchr.o)
                0x08000200                memchr
 .text          0x080002a0       0x30 D:/ST/STM32CubeIDE_1.18.0/STM32CubeIDE/plugins/com.st.stm32cube.ide.mcu.externaltools.gnu-tools-for-stm32.13.3.rel1.win32_1.0.0.202411081344/tools/bin/../lib/gcc/arm-none-eabi/13.3.1/thumb/v7e-m+fp/hard\libgcc.a(_aeabi_uldivmod.o)
                0x080002a0                __aeabi_uldivmod
 .text          0x080002d0      0x2f8 D:/ST/STM32CubeIDE_1.18.0/STM32CubeIDE/plugins/com.st.stm32cube.ide.mcu.externaltools.gnu-tools-for-stm32.13.3.rel1.win32_1.0.0.202411081344/tools/bin/../lib/gcc/arm-none-eabi/13.3.1/thumb/v7e-m+fp/hard\libgcc.a(_udivmoddi4.o)
                0x080002d0                __udivmoddi4
 .text          0x080005c8        0x4 D:/ST/STM32CubeIDE_1.18.0/STM32CubeIDE/plugins/com.st.stm32cube.ide.mcu.externaltools.gnu-tools-for-stm32.13.3.rel1.win32_1.0.0.202411081344/tools/bin/../lib/gcc/arm-none-eabi/13.3.1/thumb/v7e-m+fp/hard\libgcc.a(_dvmd_tls.o)
                0x080005c8                __aeabi_idiv0
                0x080005c8                __aeabi_ldiv0
 *(.text*)
 .text.myprintf
                0x080005cc       0x4c ./Core/Src/main.o
                0x080005cc                myprintf
 .text.main     0x08000618      0x238 ./Core/Src/main.o
                0x08000618                main
 .text.SystemClock_Config
                0x08000850       0xd4 ./Core/Src/main.o
                0x08000850                SystemClock_Config
 .text.MX_SPI1_Init
                0x08000924       0x6c ./Core/Src/main.o
 .text.MX_USART1_UART_Init
                0x08000990       0x54 ./Core/Src/main.o
 .text.MX_GPIO_Init
                0x080009e4       0xc0 ./Core/Src/main.o
 .text.Error_Handler
                0x08000aa4        0xc ./Core/Src/main.o
                0x08000aa4                Error_Handler
 .text.HAL_MspInit
                0x08000ab0       0x50 ./Core/Src/stm32f4xx_hal_msp.o
                0x08000ab0                HAL_MspInit
 .text.HAL_SPI_MspInit
                0x08000b00       0xa0 ./Core/Src/stm32f4xx_hal_msp.o
                0x08000b00                HAL_SPI_MspInit
 .text.HAL_UART_MspInit
                0x08000ba0       0x90 ./Core/Src/stm32f4xx_hal_msp.o
                0x08000ba0                HAL_UART_MspInit
 .text.NMI_Handler
                0x08000c30        0x8 ./Core/Src/stm32f4xx_it.o
                0x08000c30                NMI_Handler
 .text.HardFault_Handler
                0x08000c38        0x8 ./Core/Src/stm32f4xx_it.o
                0x08000c38                HardFault_Handler
 .text.MemManage_Handler
                0x08000c40        0x8 ./Core/Src/stm32f4xx_it.o
                0x08000c40                MemManage_Handler
 .text.BusFault_Handler
                0x08000c48        0x8 ./Core/Src/stm32f4xx_it.o
                0x08000c48                BusFault_Handler
 .text.UsageFault_Handler
                0x08000c50        0x8 ./Core/Src/stm32f4xx_it.o
                0x08000c50                UsageFault_Handler
 .text.SVC_Handler
                0x08000c58        0xe ./Core/Src/stm32f4xx_it.o
                0x08000c58                SVC_Handler
 .text.DebugMon_Handler
                0x08000c66        0xe ./Core/Src/stm32f4xx_it.o
                0x08000c66                DebugMon_Handler
 .text.PendSV_Handler
                0x08000c74        0xe ./Core/Src/stm32f4xx_it.o
                0x08000c74                PendSV_Handler
 .text.SysTick_Handler
                0x08000c82        0xc ./Core/Src/stm32f4xx_it.o
                0x08000c82                SysTick_Handler
 *fill*         0x08000c8e        0x2 
 .text.SPI1_IRQHandler
                0x08000c90       0x14 ./Core/Src/stm32f4xx_it.o
                0x08000c90                SPI1_IRQHandler
 .text.OTG_HS_IRQHandler
                0x08000ca4       0x14 ./Core/Src/stm32f4xx_it.o
                0x08000ca4                OTG_HS_IRQHandler
 .text._sbrk    0x08000cb8       0x6c ./Core/Src/sysmem.o
                0x08000cb8                _sbrk
 .text.SystemInit
                0x08000d24       0x24 ./Core/Src/system_stm32f4xx.o
                0x08000d24                SystemInit
 .text.Reset_Handler
                0x08000d48       0x50 ./Core/Startup/startup_stm32f429zitx.o
                0x08000d48                Reset_Handler
 .text.Default_Handler
                0x08000d98        0x2 ./Core/Startup/startup_stm32f429zitx.o
                0x08000d98                RTC_Alarm_IRQHandler
                0x08000d98                HASH_RNG_IRQHandler
                0x08000d98                EXTI2_IRQHandler
                0x08000d98                TIM8_CC_IRQHandler
                0x08000d98                UART8_IRQHandler
                0x08000d98                SPI4_IRQHandler
                0x08000d98                TIM1_CC_IRQHandler
                0x08000d98                DMA2_Stream5_IRQHandler
                0x08000d98                DMA1_Stream5_IRQHandler
                0x08000d98                PVD_IRQHandler
                0x08000d98                SDIO_IRQHandler
                0x08000d98                TAMP_STAMP_IRQHandler
                0x08000d98                CAN2_RX1_IRQHandler
                0x08000d98                EXTI3_IRQHandler
                0x08000d98                TIM8_TRG_COM_TIM14_IRQHandler
                0x08000d98                TIM1_UP_TIM10_IRQHandler
                0x08000d98                TIM8_UP_TIM13_IRQHandler
                0x08000d98                I2C3_ER_IRQHandler
                0x08000d98                EXTI0_IRQHandler
                0x08000d98                I2C2_EV_IRQHandler
                0x08000d98                DMA1_Stream2_IRQHandler
                0x08000d98                CAN1_RX0_IRQHandler
                0x08000d98                FPU_IRQHandler
                0x08000d98                OTG_HS_WKUP_IRQHandler
                0x08000d98                LTDC_ER_IRQHandler
                0x08000d98                CAN2_SCE_IRQHandler
                0x08000d98                DMA2_Stream2_IRQHandler
                0x08000d98                TIM6_DAC_IRQHandler
                0x08000d98                TIM1_BRK_TIM9_IRQHandler
                0x08000d98                DCMI_IRQHandler
                0x08000d98                CAN2_RX0_IRQHandler
                0x08000d98                DMA2_Stream3_IRQHandler
                0x08000d98                USART6_IRQHandler
                0x08000d98                USART3_IRQHandler
                0x08000d98                CAN1_RX1_IRQHandler
                0x08000d98                UART5_IRQHandler
                0x08000d98                DMA2_Stream0_IRQHandler
                0x08000d98                TIM4_IRQHandler
                0x08000d98                I2C1_EV_IRQHandler
                0x08000d98                DMA1_Stream6_IRQHandler
                0x08000d98                DMA1_Stream1_IRQHandler
                0x08000d98                UART4_IRQHandler
                0x08000d98                TIM3_IRQHandler
                0x08000d98                RCC_IRQHandler
                0x08000d98                TIM8_BRK_TIM12_IRQHandler
                0x08000d98                Default_Handler
                0x08000d98                EXTI15_10_IRQHandler
                0x08000d98                ADC_IRQHandler
                0x08000d98                DMA1_Stream7_IRQHandler
                0x08000d98                SPI5_IRQHandler
                0x08000d98                TIM7_IRQHandler
                0x08000d98                CAN2_TX_IRQHandler
                0x08000d98                TIM5_IRQHandler
                0x08000d98                DMA2_Stream7_IRQHandler
                0x08000d98                I2C3_EV_IRQHandler
                0x08000d98                EXTI9_5_IRQHandler
                0x08000d98                RTC_WKUP_IRQHandler
                0x08000d98                LTDC_IRQHandler
                0x08000d98                ETH_WKUP_IRQHandler
                0x08000d98                SPI2_IRQHandler
                0x08000d98                OTG_HS_EP1_IN_IRQHandler
                0x08000d98                DMA1_Stream0_IRQHandler
                0x08000d98                CAN1_TX_IRQHandler
                0x08000d98                EXTI4_IRQHandler
                0x08000d98                ETH_IRQHandler
                0x08000d98                OTG_HS_EP1_OUT_IRQHandler
                0x08000d98                WWDG_IRQHandler
                0x08000d98                SPI6_IRQHandler
                0x08000d98                TIM2_IRQHandler
                0x08000d98                OTG_FS_WKUP_IRQHandler
                0x08000d98                TIM1_TRG_COM_TIM11_IRQHandler
                0x08000d98                DMA2D_IRQHandler
                0x08000d98                EXTI1_IRQHandler
                0x08000d98                UART7_IRQHandler
                0x08000d98                USART2_IRQHandler
                0x08000d98                I2C2_ER_IRQHandler
                0x08000d98                DMA2_Stream1_IRQHandler
                0x08000d98                CAN1_SCE_IRQHandler
                0x08000d98                FLASH_IRQHandler
                0x08000d98                DMA2_Stream4_IRQHandler
                0x08000d98                USART1_IRQHandler
                0x08000d98                OTG_FS_IRQHandler
                0x08000d98                SPI3_IRQHandler
                0x08000d98                DMA1_Stream4_IRQHandler
                0x08000d98                I2C1_ER_IRQHandler
                0x08000d98                FMC_IRQHandler
                0x08000d98                DMA2_Stream6_IRQHandler
                0x08000d98                SAI1_IRQHandler
                0x08000d98                DMA1_Stream3_IRQHandler
 *fill*         0x08000d9a        0x2 
 .text.HAL_Init
                0x08000d9c       0x44 ./Drivers/STM32F4xx_HAL_Driver/Src/stm32f4xx_hal.o
                0x08000d9c                HAL_Init
 .text.HAL_InitTick
                0x08000de0       0x60 ./Drivers/STM32F4xx_HAL_Driver/Src/stm32f4xx_hal.o
                0x08000de0                HAL_InitTick
 .text.HAL_IncTick
                0x08000e40       0x28 ./Drivers/STM32F4xx_HAL_Driver/Src/stm32f4xx_hal.o
                0x08000e40                HAL_IncTick
 .text.HAL_GetTick
                0x08000e68       0x18 ./Drivers/STM32F4xx_HAL_Driver/Src/stm32f4xx_hal.o
                0x08000e68                HAL_GetTick
 .text.HAL_Delay
                0x08000e80       0x48 ./Drivers/STM32F4xx_HAL_Driver/Src/stm32f4xx_hal.o
                0x08000e80                HAL_Delay
 .text.__NVIC_SetPriorityGrouping
                0x08000ec8       0x48 ./Drivers/STM32F4xx_HAL_Driver/Src/stm32f4xx_hal_cortex.o
 .text.__NVIC_GetPriorityGrouping
                0x08000f10       0x1c ./Drivers/STM32F4xx_HAL_Driver/Src/stm32f4xx_hal_cortex.o
 .text.__NVIC_EnableIRQ
                0x08000f2c       0x3c ./Drivers/STM32F4xx_HAL_Driver/Src/stm32f4xx_hal_cortex.o
 .text.__NVIC_SetPriority
                0x08000f68       0x54 ./Drivers/STM32F4xx_HAL_Driver/Src/stm32f4xx_hal_cortex.o
 .text.NVIC_EncodePriority
                0x08000fbc       0x66 ./Drivers/STM32F4xx_HAL_Driver/Src/stm32f4xx_hal_cortex.o
 *fill*         0x08001022        0x2 
 .text.SysTick_Config
                0x08001024       0x44 ./Drivers/STM32F4xx_HAL_Driver/Src/stm32f4xx_hal_cortex.o
 .text.HAL_NVIC_SetPriorityGrouping
                0x08001068       0x16 ./Drivers/STM32F4xx_HAL_Driver/Src/stm32f4xx_hal_cortex.o
                0x08001068                HAL_NVIC_SetPriorityGrouping
 .text.HAL_NVIC_SetPriority
                0x0800107e       0x38 ./Drivers/STM32F4xx_HAL_Driver/Src/stm32f4xx_hal_cortex.o
                0x0800107e                HAL_NVIC_SetPriority
 .text.HAL_NVIC_EnableIRQ
                0x080010b6       0x1c ./Drivers/STM32F4xx_HAL_Driver/Src/stm32f4xx_hal_cortex.o
                0x080010b6                HAL_NVIC_EnableIRQ
 .text.HAL_SYSTICK_Config
                0x080010d2       0x18 ./Drivers/STM32F4xx_HAL_Driver/Src/stm32f4xx_hal_cortex.o
                0x080010d2                HAL_SYSTICK_Config
 .text.HAL_DMA_Abort_IT
                0x080010ea       0x44 ./Drivers/STM32F4xx_HAL_Driver/Src/stm32f4xx_hal_dma.o
                0x080010ea                HAL_DMA_Abort_IT
 *fill*         0x0800112e        0x2 
 .text.HAL_GPIO_Init
                0x08001130      0x358 ./Drivers/STM32F4xx_HAL_Driver/Src/stm32f4xx_hal_gpio.o
                0x08001130                HAL_GPIO_Init
 .text.HAL_GPIO_WritePin
                0x08001488       0x32 ./Drivers/STM32F4xx_HAL_Driver/Src/stm32f4xx_hal_gpio.o
                0x08001488                HAL_GPIO_WritePin
 .text.HAL_PCD_Init
                0x080014ba      0x21e ./Drivers/STM32F4xx_HAL_Driver/Src/stm32f4xx_hal_pcd.o
                0x080014ba                HAL_PCD_Init
 .text.HAL_PCD_Start
                0x080016d8       0x6a ./Drivers/STM32F4xx_HAL_Driver/Src/stm32f4xx_hal_pcd.o
                0x080016d8                HAL_PCD_Start
 .text.HAL_PCD_IRQHandler
                0x08001742      0x942 ./Drivers/STM32F4xx_HAL_Driver/Src/stm32f4xx_hal_pcd.o
                0x08001742                HAL_PCD_IRQHandler
 .text.HAL_PCD_SetAddress
                0x08002084       0x48 ./Drivers/STM32F4xx_HAL_Driver/Src/stm32f4xx_hal_pcd.o
                0x08002084                HAL_PCD_SetAddress
 .text.HAL_PCD_EP_Open
                0x080020cc       0xd4 ./Drivers/STM32F4xx_HAL_Driver/Src/stm32f4xx_hal_pcd.o
                0x080020cc                HAL_PCD_EP_Open
 .text.HAL_PCD_EP_Close
                0x080021a0       0x94 ./Drivers/STM32F4xx_HAL_Driver/Src/stm32f4xx_hal_pcd.o
                0x080021a0                HAL_PCD_EP_Close
 .text.HAL_PCD_EP_Receive
                0x08002234       0x76 ./Drivers/STM32F4xx_HAL_Driver/Src/stm32f4xx_hal_pcd.o
                0x08002234                HAL_PCD_EP_Receive
 .text.HAL_PCD_EP_GetRxCount
                0x080022aa       0x30 ./Drivers/STM32F4xx_HAL_Driver/Src/stm32f4xx_hal_pcd.o
                0x080022aa                HAL_PCD_EP_GetRxCount
 .text.HAL_PCD_EP_Transmit
                0x080022da       0x74 ./Drivers/STM32F4xx_HAL_Driver/Src/stm32f4xx_hal_pcd.o
                0x080022da                HAL_PCD_EP_Transmit
 .text.HAL_PCD_EP_SetStall
                0x0800234e       0xc6 ./Drivers/STM32F4xx_HAL_Driver/Src/stm32f4xx_hal_pcd.o
                0x0800234e                HAL_PCD_EP_SetStall
 .text.HAL_PCD_EP_ClrStall
                0x08002414       0xac ./Drivers/STM32F4xx_HAL_Driver/Src/stm32f4xx_hal_pcd.o
                0x08002414                HAL_PCD_EP_ClrStall
 .text.HAL_PCD_EP_Abort
                0x080024c0       0x62 ./Drivers/STM32F4xx_HAL_Driver/Src/stm32f4xx_hal_pcd.o
                0x080024c0                HAL_PCD_EP_Abort
 .text.HAL_PCD_EP_Flush
                0x08002522       0x5a ./Drivers/STM32F4xx_HAL_Driver/Src/stm32f4xx_hal_pcd.o
                0x08002522                HAL_PCD_EP_Flush
 .text.PCD_WriteEmptyTxFifo
                0x0800257c      0x118 ./Drivers/STM32F4xx_HAL_Driver/Src/stm32f4xx_hal_pcd.o
 .text.PCD_EP_OutXfrComplete_int
                0x08002694      0x1d0 ./Drivers/STM32F4xx_HAL_Driver/Src/stm32f4xx_hal_pcd.o
 .text.PCD_EP_OutSetupPacket_int
                0x08002864       0x8c ./Drivers/STM32F4xx_HAL_Driver/Src/stm32f4xx_hal_pcd.o
 .text.HAL_PCDEx_SetTxFiFo
                0x080028f0       0x8e ./Drivers/STM32F4xx_HAL_Driver/Src/stm32f4xx_hal_pcd_ex.o
                0x080028f0                HAL_PCDEx_SetTxFiFo
 .text.HAL_PCDEx_SetRxFiFo
                0x0800297e       0x22 ./Drivers/STM32F4xx_HAL_Driver/Src/stm32f4xx_hal_pcd_ex.o
                0x0800297e                HAL_PCDEx_SetRxFiFo
 .text.HAL_PCDEx_LPM_Callback
                0x080029a0       0x18 ./Drivers/STM32F4xx_HAL_Driver/Src/stm32f4xx_hal_pcd_ex.o
                0x080029a0                HAL_PCDEx_LPM_Callback
 .text.HAL_RCC_OscConfig
                0x080029b8      0x4f0 ./Drivers/STM32F4xx_HAL_Driver/Src/stm32f4xx_hal_rcc.o
                0x080029b8                HAL_RCC_OscConfig
 .text.HAL_RCC_ClockConfig
                0x08002ea8      0x1cc ./Drivers/STM32F4xx_HAL_Driver/Src/stm32f4xx_hal_rcc.o
                0x08002ea8                HAL_RCC_ClockConfig
 .text.HAL_RCC_GetSysClockFreq
                0x08003074      0x20c ./Drivers/STM32F4xx_HAL_Driver/Src/stm32f4xx_hal_rcc.o
                0x08003074                HAL_RCC_GetSysClockFreq
 .text.HAL_RCC_GetHCLKFreq
                0x08003280       0x18 ./Drivers/STM32F4xx_HAL_Driver/Src/stm32f4xx_hal_rcc.o
                0x08003280                HAL_RCC_GetHCLKFreq
 .text.HAL_RCC_GetPCLK1Freq
                0x08003298       0x28 ./Drivers/STM32F4xx_HAL_Driver/Src/stm32f4xx_hal_rcc.o
                0x08003298                HAL_RCC_GetPCLK1Freq
 .text.HAL_RCC_GetPCLK2Freq
                0x080032c0       0x28 ./Drivers/STM32F4xx_HAL_Driver/Src/stm32f4xx_hal_rcc.o
                0x080032c0                HAL_RCC_GetPCLK2Freq
 .text.HAL_SPI_Init
                0x080032e8      0x112 ./Drivers/STM32F4xx_HAL_Driver/Src/stm32f4xx_hal_spi.o
                0x080032e8                HAL_SPI_Init
 .text.HAL_SPI_Transmit
                0x080033fa      0x288 ./Drivers/STM32F4xx_HAL_Driver/Src/stm32f4xx_hal_spi.o
                0x080033fa                HAL_SPI_Transmit
 .text.HAL_SPI_TransmitReceive
                0x08003682      0x352 ./Drivers/STM32F4xx_HAL_Driver/Src/stm32f4xx_hal_spi.o
                0x08003682                HAL_SPI_TransmitReceive
 .text.HAL_SPI_IRQHandler
                0x080039d4      0x200 ./Drivers/STM32F4xx_HAL_Driver/Src/stm32f4xx_hal_spi.o
                0x080039d4                HAL_SPI_IRQHandler
 .text.HAL_SPI_ErrorCallback
                0x08003bd4       0x14 ./Drivers/STM32F4xx_HAL_Driver/Src/stm32f4xx_hal_spi.o
                0x08003bd4                HAL_SPI_ErrorCallback
 .text.SPI_DMAAbortOnError
                0x08003be8       0x28 ./Drivers/STM32F4xx_HAL_Driver/Src/stm32f4xx_hal_spi.o
 .text.SPI_WaitFlagStateUntilTimeout
                0x08003c10      0x110 ./Drivers/STM32F4xx_HAL_Driver/Src/stm32f4xx_hal_spi.o
 .text.SPI_EndRxTxTransaction
                0x08003d20       0xa8 ./Drivers/STM32F4xx_HAL_Driver/Src/stm32f4xx_hal_spi.o
 .text.HAL_UART_Init
                0x08003dc8       0xa0 ./Drivers/STM32F4xx_HAL_Driver/Src/stm32f4xx_hal_uart.o
                0x08003dc8                HAL_UART_Init
 .text.HAL_UART_Transmit
                0x08003e68      0x116 ./Drivers/STM32F4xx_HAL_Driver/Src/stm32f4xx_hal_uart.o
                0x08003e68                HAL_UART_Transmit
 .text.UART_WaitOnFlagUntilTimeout
                0x08003f7e       0xb2 ./Drivers/STM32F4xx_HAL_Driver/Src/stm32f4xx_hal_uart.o
 .text.UART_EndRxTransfer
                0x08004030       0xc6 ./Drivers/STM32F4xx_HAL_Driver/Src/stm32f4xx_hal_uart.o
 *fill*         0x080040f6        0x2 
 .text.UART_SetConfig
                0x080040f8      0x4e8 ./Drivers/STM32F4xx_HAL_Driver/Src/stm32f4xx_hal_uart.o
 .text.USB_CoreInit
                0x080045e0       0xc8 ./Drivers/STM32F4xx_HAL_Driver/Src/stm32f4xx_ll_usb.o
                0x080045e0                USB_CoreInit
 .text.USB_SetTurnaroundTime
                0x080046a8      0x144 ./Drivers/STM32F4xx_HAL_Driver/Src/stm32f4xx_ll_usb.o
                0x080046a8                USB_SetTurnaroundTime
 .text.USB_EnableGlobalInt
                0x080047ec       0x22 ./Drivers/STM32F4xx_HAL_Driver/Src/stm32f4xx_ll_usb.o
                0x080047ec                USB_EnableGlobalInt
 .text.USB_DisableGlobalInt
                0x0800480e       0x22 ./Drivers/STM32F4xx_HAL_Driver/Src/stm32f4xx_ll_usb.o
                0x0800480e                USB_DisableGlobalInt
 .text.USB_SetCurrentMode
                0x08004830       0x98 ./Drivers/STM32F4xx_HAL_Driver/Src/stm32f4xx_ll_usb.o
                0x08004830                USB_SetCurrentMode
 .text.USB_DevInit
                0x080048c8      0x2c8 ./Drivers/STM32F4xx_HAL_Driver/Src/stm32f4xx_ll_usb.o
                0x080048c8                USB_DevInit
 .text.USB_FlushTxFifo
                0x08004b90       0x64 ./Drivers/STM32F4xx_HAL_Driver/Src/stm32f4xx_ll_usb.o
                0x08004b90                USB_FlushTxFifo
 .text.USB_FlushRxFifo
                0x08004bf4       0x5c ./Drivers/STM32F4xx_HAL_Driver/Src/stm32f4xx_ll_usb.o
                0x08004bf4                USB_FlushRxFifo
 .text.USB_SetDevSpeed
                0x08004c50       0x32 ./Drivers/STM32F4xx_HAL_Driver/Src/stm32f4xx_ll_usb.o
                0x08004c50                USB_SetDevSpeed
 .text.USB_GetDevSpeed
                0x08004c82       0x4a ./Drivers/STM32F4xx_HAL_Driver/Src/stm32f4xx_ll_usb.o
                0x08004c82                USB_GetDevSpeed
 .text.USB_ActivateEndpoint
                0x08004ccc      0x10e ./Drivers/STM32F4xx_HAL_Driver/Src/stm32f4xx_ll_usb.o
                0x08004ccc                USB_ActivateEndpoint
 *fill*         0x08004dda        0x2 
 .text.USB_DeactivateEndpoint
                0x08004ddc      0x1b8 ./Drivers/STM32F4xx_HAL_Driver/Src/stm32f4xx_ll_usb.o
                0x08004ddc                USB_DeactivateEndpoint
 .text.USB_EPStartXfer
                0x08004f94      0x53c ./Drivers/STM32F4xx_HAL_Driver/Src/stm32f4xx_ll_usb.o
                0x08004f94                USB_EPStartXfer
 .text.USB_EPStopXfer
                0x080054d0      0x154 ./Drivers/STM32F4xx_HAL_Driver/Src/stm32f4xx_ll_usb.o
                0x080054d0                USB_EPStopXfer
 .text.USB_WritePacket
                0x08005624       0x7c ./Drivers/STM32F4xx_HAL_Driver/Src/stm32f4xx_ll_usb.o
                0x08005624                USB_WritePacket
 .text.USB_ReadPacket
                0x080056a0       0xb0 ./Drivers/STM32F4xx_HAL_Driver/Src/stm32f4xx_ll_usb.o
                0x080056a0                USB_ReadPacket
 .text.USB_EPSetStall
                0x08005750       0xdc ./Drivers/STM32F4xx_HAL_Driver/Src/stm32f4xx_ll_usb.o
                0x08005750                USB_EPSetStall
 .text.USB_EPClearStall
                0x0800582c       0xcc ./Drivers/STM32F4xx_HAL_Driver/Src/stm32f4xx_ll_usb.o
                0x0800582c                USB_EPClearStall
 .text.USB_SetDevAddress
                0x080058f8       0x4c ./Drivers/STM32F4xx_HAL_Driver/Src/stm32f4xx_ll_usb.o
                0x080058f8                USB_SetDevAddress
 .text.USB_DevConnect
                0x08005944       0x42 ./Drivers/STM32F4xx_HAL_Driver/Src/stm32f4xx_ll_usb.o
                0x08005944                USB_DevConnect
 .text.USB_DevDisconnect
                0x08005986       0x42 ./Drivers/STM32F4xx_HAL_Driver/Src/stm32f4xx_ll_usb.o
                0x08005986                USB_DevDisconnect
 .text.USB_ReadInterrupts
                0x080059c8       0x26 ./Drivers/STM32F4xx_HAL_Driver/Src/stm32f4xx_ll_usb.o
                0x080059c8                USB_ReadInterrupts
 .text.USB_ReadDevAllOutEpInterrupt
                0x080059ee       0x34 ./Drivers/STM32F4xx_HAL_Driver/Src/stm32f4xx_ll_usb.o
                0x080059ee                USB_ReadDevAllOutEpInterrupt
 .text.USB_ReadDevAllInEpInterrupt
                0x08005a22       0x34 ./Drivers/STM32F4xx_HAL_Driver/Src/stm32f4xx_ll_usb.o
                0x08005a22                USB_ReadDevAllInEpInterrupt
 .text.USB_ReadDevOutEPInterrupt
                0x08005a56       0x3c ./Drivers/STM32F4xx_HAL_Driver/Src/stm32f4xx_ll_usb.o
                0x08005a56                USB_ReadDevOutEPInterrupt
 .text.USB_ReadDevInEPInterrupt
                0x08005a92       0x5c ./Drivers/STM32F4xx_HAL_Driver/Src/stm32f4xx_ll_usb.o
                0x08005a92                USB_ReadDevInEPInterrupt
 .text.USB_GetMode
                0x08005aee       0x1c ./Drivers/STM32F4xx_HAL_Driver/Src/stm32f4xx_ll_usb.o
                0x08005aee                USB_GetMode
 .text.USB_ActivateSetup
                0x08005b0a       0x46 ./Drivers/STM32F4xx_HAL_Driver/Src/stm32f4xx_ll_usb.o
                0x08005b0a                USB_ActivateSetup
 .text.USB_EP0_OutStart
                0x08005b50       0xbc ./Drivers/STM32F4xx_HAL_Driver/Src/stm32f4xx_ll_usb.o
                0x08005b50                USB_EP0_OutStart
 .text.USB_CoreReset
                0x08005c0c       0x70 ./Drivers/STM32F4xx_HAL_Driver/Src/stm32f4xx_ll_usb.o
 .text.MX_FATFS_Init
                0x08005c7c       0x24 ./FATFS/App/fatfs.o
                0x08005c7c                MX_FATFS_Init
 .text.get_fattime
                0x08005ca0       0x10 ./FATFS/App/fatfs.o
                0x08005ca0                get_fattime
 .text.USER_initialize
                0x08005cb0       0x1c ./FATFS/Target/user_diskio.o
                0x08005cb0                USER_initialize
 .text.USER_status
                0x08005ccc       0x1c ./FATFS/Target/user_diskio.o
                0x08005ccc                USER_status
 .text.USER_read
                0x08005ce8       0x26 ./FATFS/Target/user_diskio.o
                0x08005ce8                USER_read
 .text.USER_write
                0x08005d0e       0x26 ./FATFS/Target/user_diskio.o
                0x08005d0e                USER_write
 .text.USER_ioctl
                0x08005d34       0x26 ./FATFS/Target/user_diskio.o
                0x08005d34                USER_ioctl
 *fill*         0x08005d5a        0x2 
 .text.SPI_Timer_On
                0x08005d5c       0x28 ./FATFS/Target/user_diskio_spi.o
                0x08005d5c                SPI_Timer_On
 .text.SPI_Timer_Status
                0x08005d84       0x2c ./FATFS/Target/user_diskio_spi.o
                0x08005d84                SPI_Timer_Status
 .text.xchg_spi
                0x08005db0       0x2c ./FATFS/Target/user_diskio_spi.o
 .text.rcvr_spi_multi
                0x08005ddc       0x38 ./FATFS/Target/user_diskio_spi.o
 .text.xmit_spi_multi
                0x08005e14       0x28 ./FATFS/Target/user_diskio_spi.o
 .text.wait_ready
                0x08005e3c       0x46 ./FATFS/Target/user_diskio_spi.o
 *fill*         0x08005e82        0x2 
 .text.despiselect
                0x08005e84       0x20 ./FATFS/Target/user_diskio_spi.o
 .text.spiselect
                0x08005ea4       0x38 ./FATFS/Target/user_diskio_spi.o
 .text.rcvr_datablock
                0x08005edc       0x52 ./FATFS/Target/user_diskio_spi.o
 .text.xmit_datablock
                0x08005f2e       0x64 ./FATFS/Target/user_diskio_spi.o
 .text.send_cmd
                0x08005f92       0xde ./FATFS/Target/user_diskio_spi.o
 .text.USER_SPI_initialize
                0x08006070      0x1d4 ./FATFS/Target/user_diskio_spi.o
                0x08006070                USER_SPI_initialize
 .text.USER_SPI_status
                0x08006244       0x2c ./FATFS/Target/user_diskio_spi.o
                0x08006244                USER_SPI_status
 .text.USER_SPI_read
                0x08006270       0xcc ./FATFS/Target/user_diskio_spi.o
                0x08006270                USER_SPI_read
 .text.USER_SPI_write
                0x0800633c       0xf8 ./FATFS/Target/user_diskio_spi.o
                0x0800633c                USER_SPI_write
 .text.USER_SPI_ioctl
                0x08006434      0x2f0 ./FATFS/Target/user_diskio_spi.o
                0x08006434                USER_SPI_ioctl
 .text.USBD_MSC_Init
                0x08006724      0x120 ./Middlewares/ST/STM32_USB_Device_Library/Class/MSC/Src/usbd_msc.o
                0x08006724                USBD_MSC_Init
 .text.USBD_MSC_DeInit
                0x08006844       0xb0 ./Middlewares/ST/STM32_USB_Device_Library/Class/MSC/Src/usbd_msc.o
                0x08006844                USBD_MSC_DeInit
 .text.USBD_MSC_Setup
                0x080068f4      0x200 ./Middlewares/ST/STM32_USB_Device_Library/Class/MSC/Src/usbd_msc.o
                0x080068f4                USBD_MSC_Setup
 .text.USBD_MSC_DataIn
                0x08006af4       0x20 ./Middlewares/ST/STM32_USB_Device_Library/Class/MSC/Src/usbd_msc.o
                0x08006af4                USBD_MSC_DataIn
 .text.USBD_MSC_DataOut
                0x08006b14       0x20 ./Middlewares/ST/STM32_USB_Device_Library/Class/MSC/Src/usbd_msc.o
                0x08006b14                USBD_MSC_DataOut
 .text.USBD_MSC_GetHSCfgDesc
                0x08006b34       0x58 ./Middlewares/ST/STM32_USB_Device_Library/Class/MSC/Src/usbd_msc.o
                0x08006b34                USBD_MSC_GetHSCfgDesc
 .text.USBD_MSC_GetFSCfgDesc
                0x08006b8c       0x58 ./Middlewares/ST/STM32_USB_Device_Library/Class/MSC/Src/usbd_msc.o
                0x08006b8c                USBD_MSC_GetFSCfgDesc
 .text.USBD_MSC_GetOtherSpeedCfgDesc
                0x08006be4       0x58 ./Middlewares/ST/STM32_USB_Device_Library/Class/MSC/Src/usbd_msc.o
                0x08006be4                USBD_MSC_GetOtherSpeedCfgDesc
 .text.USBD_MSC_GetDeviceQualifierDescriptor
                0x08006c3c       0x20 ./Middlewares/ST/STM32_USB_Device_Library/Class/MSC/Src/usbd_msc.o
                0x08006c3c                USBD_MSC_GetDeviceQualifierDescriptor
 .text.USBD_MSC_RegisterStorage
                0x08006c5c       0x34 ./Middlewares/ST/STM32_USB_Device_Library/Class/MSC/Src/usbd_msc.o
                0x08006c5c                USBD_MSC_RegisterStorage
 .text.MSC_BOT_Init
                0x08006c90       0x94 ./Middlewares/ST/STM32_USB_Device_Library/Class/MSC/Src/usbd_msc_bot.o
                0x08006c90                MSC_BOT_Init
 .text.MSC_BOT_Reset
                0x08006d24       0x68 ./Middlewares/ST/STM32_USB_Device_Library/Class/MSC/Src/usbd_msc_bot.o
                0x08006d24                MSC_BOT_Reset
 .text.MSC_BOT_DeInit
                0x08006d8c       0x30 ./Middlewares/ST/STM32_USB_Device_Library/Class/MSC/Src/usbd_msc_bot.o
                0x08006d8c                MSC_BOT_DeInit
 .text.MSC_BOT_DataIn
                0x08006dbc       0x74 ./Middlewares/ST/STM32_USB_Device_Library/Class/MSC/Src/usbd_msc_bot.o
                0x08006dbc                MSC_BOT_DataIn
 .text.MSC_BOT_DataOut
                0x08006e30       0x68 ./Middlewares/ST/STM32_USB_Device_Library/Class/MSC/Src/usbd_msc_bot.o
                0x08006e30                MSC_BOT_DataOut
 .text.MSC_BOT_CBW_Decode
                0x08006e98      0x12c ./Middlewares/ST/STM32_USB_Device_Library/Class/MSC/Src/usbd_msc_bot.o
 .text.MSC_BOT_SendData
                0x08006fc4       0x6c ./Middlewares/ST/STM32_USB_Device_Library/Class/MSC/Src/usbd_msc_bot.o
 .text.MSC_BOT_SendCSW
                0x08007030       0x74 ./Middlewares/ST/STM32_USB_Device_Library/Class/MSC/Src/usbd_msc_bot.o
                0x08007030                MSC_BOT_SendCSW
 .text.MSC_BOT_Abort
                0x080070a4       0x84 ./Middlewares/ST/STM32_USB_Device_Library/Class/MSC/Src/usbd_msc_bot.o
 .text.MSC_BOT_CplClrFeature
                0x08007128       0x74 ./Middlewares/ST/STM32_USB_Device_Library/Class/MSC/Src/usbd_msc_bot.o
                0x08007128                MSC_BOT_CplClrFeature
 .text.SCSI_ProcessCmd
                0x0800719c      0x354 ./Middlewares/ST/STM32_USB_Device_Library/Class/MSC/Src/usbd_msc_scsi.o
                0x0800719c                SCSI_ProcessCmd
 .text.SCSI_TestUnitReady
                0x080074f0       0xb2 ./Middlewares/ST/STM32_USB_Device_Library/Class/MSC/Src/usbd_msc_scsi.o
 *fill*         0x080075a2        0x2 
 .text.SCSI_Inquiry
                0x080075a4       0xf8 ./Middlewares/ST/STM32_USB_Device_Library/Class/MSC/Src/usbd_msc_scsi.o
 .text.SCSI_ReadCapacity10
                0x0800769c       0xf4 ./Middlewares/ST/STM32_USB_Device_Library/Class/MSC/Src/usbd_msc_scsi.o
 .text.SCSI_ReadCapacity16
                0x08007790      0x160 ./Middlewares/ST/STM32_USB_Device_Library/Class/MSC/Src/usbd_msc_scsi.o
 .text.SCSI_ReadFormatCapacity
                0x080078f0       0xf6 ./Middlewares/ST/STM32_USB_Device_Library/Class/MSC/Src/usbd_msc_scsi.o
 *fill*         0x080079e6        0x2 
 .text.SCSI_ModeSense6
                0x080079e8       0xa0 ./Middlewares/ST/STM32_USB_Device_Library/Class/MSC/Src/usbd_msc_scsi.o
 .text.SCSI_ModeSense10
                0x08007a88       0x9c ./Middlewares/ST/STM32_USB_Device_Library/Class/MSC/Src/usbd_msc_scsi.o
 .text.SCSI_RequestSense
                0x08007b24      0x106 ./Middlewares/ST/STM32_USB_Device_Library/Class/MSC/Src/usbd_msc_scsi.o
 .text.SCSI_SenseCode
                0x08007c2a       0x96 ./Middlewares/ST/STM32_USB_Device_Library/Class/MSC/Src/usbd_msc_scsi.o
                0x08007c2a                SCSI_SenseCode
 .text.SCSI_StartStopUnit
                0x08007cc0       0xaa ./Middlewares/ST/STM32_USB_Device_Library/Class/MSC/Src/usbd_msc_scsi.o
 .text.SCSI_AllowPreventRemovable
                0x08007d6a       0x5a ./Middlewares/ST/STM32_USB_Device_Library/Class/MSC/Src/usbd_msc_scsi.o
 .text.SCSI_Read10
                0x08007dc4      0x154 ./Middlewares/ST/STM32_USB_Device_Library/Class/MSC/Src/usbd_msc_scsi.o
 .text.SCSI_Read12
                0x08007f18      0x16a ./Middlewares/ST/STM32_USB_Device_Library/Class/MSC/Src/usbd_msc_scsi.o
 *fill*         0x08008082        0x2 
 .text.SCSI_Write10
                0x08008084      0x1b0 ./Middlewares/ST/STM32_USB_Device_Library/Class/MSC/Src/usbd_msc_scsi.o
 .text.SCSI_Write12
                0x08008234      0x1d0 ./Middlewares/ST/STM32_USB_Device_Library/Class/MSC/Src/usbd_msc_scsi.o
 .text.SCSI_Verify10
                0x08008404       0x84 ./Middlewares/ST/STM32_USB_Device_Library/Class/MSC/Src/usbd_msc_scsi.o
 .text.SCSI_ReportLuns
                0x08008488       0xa8 ./Middlewares/ST/STM32_USB_Device_Library/Class/MSC/Src/usbd_msc_scsi.o
 .text.SCSI_ReceiveDiagnosticResults
                0x08008530       0x68 ./Middlewares/ST/STM32_USB_Device_Library/Class/MSC/Src/usbd_msc_scsi.o
 .text.SCSI_CheckAddressRange
                0x08008598       0x64 ./Middlewares/ST/STM32_USB_Device_Library/Class/MSC/Src/usbd_msc_scsi.o
 .text.SCSI_ProcessRead
                0x080085fc      0x104 ./Middlewares/ST/STM32_USB_Device_Library/Class/MSC/Src/usbd_msc_scsi.o
 .text.SCSI_ProcessWrite
                0x08008700      0x120 ./Middlewares/ST/STM32_USB_Device_Library/Class/MSC/Src/usbd_msc_scsi.o
 .text.SCSI_UpdateBotData
                0x08008820       0x52 ./Middlewares/ST/STM32_USB_Device_Library/Class/MSC/Src/usbd_msc_scsi.o
 .text.USBD_Init
                0x08008872       0x60 ./Middlewares/ST/STM32_USB_Device_Library/Core/Src/usbd_core.o
                0x08008872                USBD_Init
 .text.USBD_RegisterClass
                0x080088d2       0x6c ./Middlewares/ST/STM32_USB_Device_Library/Core/Src/usbd_core.o
                0x080088d2                USBD_RegisterClass
 .text.USBD_Start
                0x0800893e       0x18 ./Middlewares/ST/STM32_USB_Device_Library/Core/Src/usbd_core.o
                0x0800893e                USBD_Start
 .text.USBD_RunTestMode
                0x08008956       0x16 ./Middlewares/ST/STM32_USB_Device_Library/Core/Src/usbd_core.o
                0x08008956                USBD_RunTestMode
 .text.USBD_SetClassConfig
                0x0800896c       0x38 ./Middlewares/ST/STM32_USB_Device_Library/Core/Src/usbd_core.o
                0x0800896c                USBD_SetClassConfig
 .text.USBD_ClrClassConfig
                0x080089a4       0x34 ./Middlewares/ST/STM32_USB_Device_Library/Core/Src/usbd_core.o
                0x080089a4                USBD_ClrClassConfig
 .text.USBD_LL_SetupStage
                0x080089d8       0xaa ./Middlewares/ST/STM32_USB_Device_Library/Core/Src/usbd_core.o
                0x080089d8                USBD_LL_SetupStage
 .text.USBD_LL_DataOutStage
                0x08008a82      0x178 ./Middlewares/ST/STM32_USB_Device_Library/Core/Src/usbd_core.o
                0x08008a82                USBD_LL_DataOutStage
 .text.USBD_LL_DataInStage
                0x08008bfa      0x176 ./Middlewares/ST/STM32_USB_Device_Library/Core/Src/usbd_core.o
                0x08008bfa                USBD_LL_DataInStage
 .text.USBD_LL_Reset
                0x08008d70       0xa6 ./Middlewares/ST/STM32_USB_Device_Library/Core/Src/usbd_core.o
                0x08008d70                USBD_LL_Reset
 .text.USBD_LL_SetSpeed
                0x08008e16       0x20 ./Middlewares/ST/STM32_USB_Device_Library/Core/Src/usbd_core.o
                0x08008e16                USBD_LL_SetSpeed
 .text.USBD_LL_Suspend
                0x08008e36       0x38 ./Middlewares/ST/STM32_USB_Device_Library/Core/Src/usbd_core.o
                0x08008e36                USBD_LL_Suspend
 .text.USBD_LL_Resume
                0x08008e6e       0x30 ./Middlewares/ST/STM32_USB_Device_Library/Core/Src/usbd_core.o
                0x08008e6e                USBD_LL_Resume
 .text.USBD_LL_SOF
                0x08008e9e       0x40 ./Middlewares/ST/STM32_USB_Device_Library/Core/Src/usbd_core.o
                0x08008e9e                USBD_LL_SOF
 .text.USBD_LL_IsoINIncomplete
                0x08008ede       0x64 ./Middlewares/ST/STM32_USB_Device_Library/Core/Src/usbd_core.o
                0x08008ede                USBD_LL_IsoINIncomplete
 .text.USBD_LL_IsoOUTIncomplete
                0x08008f42       0x64 ./Middlewares/ST/STM32_USB_Device_Library/Core/Src/usbd_core.o
                0x08008f42                USBD_LL_IsoOUTIncomplete
 .text.USBD_LL_DevConnected
                0x08008fa6       0x16 ./Middlewares/ST/STM32_USB_Device_Library/Core/Src/usbd_core.o
                0x08008fa6                USBD_LL_DevConnected
 .text.USBD_LL_DevDisconnected
                0x08008fbc       0x46 ./Middlewares/ST/STM32_USB_Device_Library/Core/Src/usbd_core.o
                0x08008fbc                USBD_LL_DevDisconnected
 .text.USBD_CoreFindIF
                0x08009002       0x1a ./Middlewares/ST/STM32_USB_Device_Library/Core/Src/usbd_core.o
                0x08009002                USBD_CoreFindIF
 .text.USBD_CoreFindEP
                0x0800901c       0x1a ./Middlewares/ST/STM32_USB_Device_Library/Core/Src/usbd_core.o
                0x0800901c                USBD_CoreFindEP
 .text.USBD_GetEpDesc
                0x08009036       0x70 ./Middlewares/ST/STM32_USB_Device_Library/Core/Src/usbd_core.o
                0x08009036                USBD_GetEpDesc
 .text.USBD_GetNextDesc
                0x080090a6       0x38 ./Middlewares/ST/STM32_USB_Device_Library/Core/Src/usbd_core.o
                0x080090a6                USBD_GetNextDesc
 .text.SWAPBYTE
                0x080090de       0x3e ./Middlewares/ST/STM32_USB_Device_Library/Core/Src/usbd_ctlreq.o
 .text.USBD_StdDevReq
                0x0800911c       0xe4 ./Middlewares/ST/STM32_USB_Device_Library/Core/Src/usbd_ctlreq.o
                0x0800911c                USBD_StdDevReq
 .text.USBD_StdItfReq
                0x08009200       0xd8 ./Middlewares/ST/STM32_USB_Device_Library/Core/Src/usbd_ctlreq.o
                0x08009200                USBD_StdItfReq
 .text.USBD_StdEPReq
                0x080092d8      0x33e ./Middlewares/ST/STM32_USB_Device_Library/Core/Src/usbd_ctlreq.o
                0x080092d8                USBD_StdEPReq
 *fill*         0x08009616        0x2 
 .text.USBD_GetDescriptor
                0x08009618      0x2d4 ./Middlewares/ST/STM32_USB_Device_Library/Core/Src/usbd_ctlreq.o
 .text.USBD_SetAddress
                0x080098ec       0x88 ./Middlewares/ST/STM32_USB_Device_Library/Core/Src/usbd_ctlreq.o
 .text.USBD_SetConfig
                0x08009974      0x154 ./Middlewares/ST/STM32_USB_Device_Library/Core/Src/usbd_ctlreq.o
 .text.USBD_GetConfig
                0x08009ac8       0x6c ./Middlewares/ST/STM32_USB_Device_Library/Core/Src/usbd_ctlreq.o
 .text.USBD_GetStatus
                0x08009b34       0x68 ./Middlewares/ST/STM32_USB_Device_Library/Core/Src/usbd_ctlreq.o
 .text.USBD_SetFeature
                0x08009b9c       0x52 ./Middlewares/ST/STM32_USB_Device_Library/Core/Src/usbd_ctlreq.o
 .text.USBD_ClrFeature
                0x08009bee       0x44 ./Middlewares/ST/STM32_USB_Device_Library/Core/Src/usbd_ctlreq.o
 .text.USBD_ParseSetupRequest
                0x08009c32       0x74 ./Middlewares/ST/STM32_USB_Device_Library/Core/Src/usbd_ctlreq.o
                0x08009c32                USBD_ParseSetupRequest
 .text.USBD_CtlError
                0x08009ca6       0x22 ./Middlewares/ST/STM32_USB_Device_Library/Core/Src/usbd_ctlreq.o
                0x08009ca6                USBD_CtlError
 .text.USBD_GetString
                0x08009cc8       0xa4 ./Middlewares/ST/STM32_USB_Device_Library/Core/Src/usbd_ctlreq.o
                0x08009cc8                USBD_GetString
 .text.USBD_GetLen
                0x08009d6c       0x34 ./Middlewares/ST/STM32_USB_Device_Library/Core/Src/usbd_ctlreq.o
 .text.USBD_CtlSendData
                0x08009da0       0x3c ./Middlewares/ST/STM32_USB_Device_Library/Core/Src/usbd_ioreq.o
                0x08009da0                USBD_CtlSendData
 .text.USBD_CtlContinueSendData
                0x08009ddc       0x22 ./Middlewares/ST/STM32_USB_Device_Library/Core/Src/usbd_ioreq.o
                0x08009ddc                USBD_CtlContinueSendData
 .text.USBD_CtlContinueRx
                0x08009dfe       0x22 ./Middlewares/ST/STM32_USB_Device_Library/Core/Src/usbd_ioreq.o
                0x08009dfe                USBD_CtlContinueRx
 .text.USBD_CtlSendStatus
                0x08009e20       0x26 ./Middlewares/ST/STM32_USB_Device_Library/Core/Src/usbd_ioreq.o
                0x08009e20                USBD_CtlSendStatus
 .text.USBD_CtlReceiveStatus
                0x08009e46       0x26 ./Middlewares/ST/STM32_USB_Device_Library/Core/Src/usbd_ioreq.o
                0x08009e46                USBD_CtlReceiveStatus
 .text.disk_status
                0x08009e6c       0x34 ./Middlewares/Third_Party/FatFs/src/diskio.o
                0x08009e6c                disk_status
 .text.disk_initialize
                0x08009ea0       0x50 ./Middlewares/Third_Party/FatFs/src/diskio.o
                0x08009ea0                disk_initialize
 .text.disk_read
                0x08009ef0       0x40 ./Middlewares/Third_Party/FatFs/src/diskio.o
                0x08009ef0                disk_read
 .text.disk_write
                0x08009f30       0x40 ./Middlewares/Third_Party/FatFs/src/diskio.o
                0x08009f30                disk_write
 .text.disk_ioctl
                0x08009f70       0x3c ./Middlewares/Third_Party/FatFs/src/diskio.o
                0x08009f70                disk_ioctl
 .text.ld_word  0x08009fac       0x32 ./Middlewares/Third_Party/FatFs/src/ff.o
 .text.ld_dword
                0x08009fde       0x46 ./Middlewares/Third_Party/FatFs/src/ff.o
 .text.st_word  0x0800a024       0x36 ./Middlewares/Third_Party/FatFs/src/ff.o
 .text.st_dword
                0x0800a05a       0x58 ./Middlewares/Third_Party/FatFs/src/ff.o
 .text.mem_cpy  0x0800a0b2       0x42 ./Middlewares/Third_Party/FatFs/src/ff.o
 .text.mem_set  0x0800a0f4       0x36 ./Middlewares/Third_Party/FatFs/src/ff.o
 .text.mem_cmp  0x0800a12a       0x4e ./Middlewares/Third_Party/FatFs/src/ff.o
 .text.chk_chr  0x0800a178       0x36 ./Middlewares/Third_Party/FatFs/src/ff.o
 *fill*         0x0800a1ae        0x2 
 .text.chk_lock
                0x0800a1b0       0xb8 ./Middlewares/Third_Party/FatFs/src/ff.o
 .text.enq_lock
                0x0800a268       0x44 ./Middlewares/Third_Party/FatFs/src/ff.o
 .text.inc_lock
                0x0800a2ac      0x11c ./Middlewares/Third_Party/FatFs/src/ff.o
 .text.dec_lock
                0x0800a3c8       0x78 ./Middlewares/Third_Party/FatFs/src/ff.o
 .text.clear_lock
                0x0800a440       0x48 ./Middlewares/Third_Party/FatFs/src/ff.o
 .text.sync_window
                0x0800a488       0x88 ./Middlewares/Third_Party/FatFs/src/ff.o
 .text.move_window
                0x0800a510       0x5a ./Middlewares/Third_Party/FatFs/src/ff.o
 *fill*         0x0800a56a        0x2 
 .text.sync_fs  0x0800a56c       0xdc ./Middlewares/Third_Party/FatFs/src/ff.o
 .text.clust2sect
                0x0800a648       0x3e ./Middlewares/Third_Party/FatFs/src/ff.o
 .text.get_fat  0x0800a686      0x14e ./Middlewares/Third_Party/FatFs/src/ff.o
 .text.put_fat  0x0800a7d4      0x1d4 ./Middlewares/Third_Party/FatFs/src/ff.o
 .text.remove_chain
                0x0800a9a8       0xca ./Middlewares/Third_Party/FatFs/src/ff.o
 .text.create_chain
                0x0800aa72      0x130 ./Middlewares/Third_Party/FatFs/src/ff.o
 .text.clmt_clust
                0x0800aba2       0x68 ./Middlewares/Third_Party/FatFs/src/ff.o
 .text.dir_sdi  0x0800ac0a       0xf6 ./Middlewares/Third_Party/FatFs/src/ff.o
 .text.dir_next
                0x0800ad00      0x18a ./Middlewares/Third_Party/FatFs/src/ff.o
 .text.dir_alloc
                0x0800ae8a       0x8e ./Middlewares/Third_Party/FatFs/src/ff.o
 .text.ld_clust
                0x0800af18       0x3e ./Middlewares/Third_Party/FatFs/src/ff.o
 .text.st_clust
                0x0800af56       0x40 ./Middlewares/Third_Party/FatFs/src/ff.o
 .text.dir_find
                0x0800af96       0xaa ./Middlewares/Third_Party/FatFs/src/ff.o
 .text.dir_register
                0x0800b040       0x64 ./Middlewares/Third_Party/FatFs/src/ff.o
 .text.create_name
                0x0800b0a4      0x128 ./Middlewares/Third_Party/FatFs/src/ff.o
 .text.follow_path
                0x0800b1cc       0xe2 ./Middlewares/Third_Party/FatFs/src/ff.o
 .text.get_ldnumber
                0x0800b2ae       0x88 ./Middlewares/Third_Party/FatFs/src/ff.o
 *fill*         0x0800b336        0x2 
 .text.check_fs
                0x0800b338       0xac ./Middlewares/Third_Party/FatFs/src/ff.o
 .text.find_volume
                0x0800b3e4      0x498 ./Middlewares/Third_Party/FatFs/src/ff.o
 .text.validate
                0x0800b87c       0x6a ./Middlewares/Third_Party/FatFs/src/ff.o
 *fill*         0x0800b8e6        0x2 
 .text.f_mount  0x0800b8e8       0x8c ./Middlewares/Third_Party/FatFs/src/ff.o
                0x0800b8e8                f_mount
 .text.f_open   0x0800b974      0x374 ./Middlewares/Third_Party/FatFs/src/ff.o
                0x0800b974                f_open
 .text.f_read   0x0800bce8      0x27e ./Middlewares/Third_Party/FatFs/src/ff.o
                0x0800bce8                f_read
 .text.f_write  0x0800bf66      0x2ea ./Middlewares/Third_Party/FatFs/src/ff.o
                0x0800bf66                f_write
 .text.f_sync   0x0800c250       0xfc ./Middlewares/Third_Party/FatFs/src/ff.o
                0x0800c250                f_sync
 .text.f_close  0x0800c34c       0x54 ./Middlewares/Third_Party/FatFs/src/ff.o
                0x0800c34c                f_close
 .text.f_getfree
                0x0800c3a0      0x16a ./Middlewares/Third_Party/FatFs/src/ff.o
                0x0800c3a0                f_getfree
 .text.f_gets   0x0800c50a       0x7c ./Middlewares/Third_Party/FatFs/src/ff.o
                0x0800c50a                f_gets
 *fill*         0x0800c586        0x2 
 .text.FATFS_LinkDriverEx
                0x0800c588       0x98 ./Middlewares/Third_Party/FatFs/src/ff_gen_drv.o
                0x0800c588                FATFS_LinkDriverEx
 .text.FATFS_LinkDriver
                0x0800c620       0x1e ./Middlewares/Third_Party/FatFs/src/ff_gen_drv.o
                0x0800c620                FATFS_LinkDriver
 *fill*         0x0800c63e        0x2 
 .text.MX_USB_DEVICE_Init
                0x0800c640       0x88 ./USB_DEVICE/App/usb_device.o
                0x0800c640                MX_USB_DEVICE_Init
 .text.USBD_HS_DeviceDescriptor
                0x0800c6c8       0x24 ./USB_DEVICE/App/usbd_desc.o
                0x0800c6c8                USBD_HS_DeviceDescriptor
 .text.USBD_HS_LangIDStrDescriptor
                0x0800c6ec       0x24 ./USB_DEVICE/App/usbd_desc.o
                0x0800c6ec                USBD_HS_LangIDStrDescriptor
 .text.USBD_HS_ProductStrDescriptor
                0x0800c710       0x3c ./USB_DEVICE/App/usbd_desc.o
                0x0800c710                USBD_HS_ProductStrDescriptor
 .text.USBD_HS_ManufacturerStrDescriptor
                0x0800c74c       0x28 ./USB_DEVICE/App/usbd_desc.o
                0x0800c74c                USBD_HS_ManufacturerStrDescriptor
 .text.USBD_HS_SerialStrDescriptor
                0x0800c774       0x24 ./USB_DEVICE/App/usbd_desc.o
                0x0800c774                USBD_HS_SerialStrDescriptor
 .text.USBD_HS_ConfigStrDescriptor
                0x0800c798       0x3c ./USB_DEVICE/App/usbd_desc.o
                0x0800c798                USBD_HS_ConfigStrDescriptor
 .text.USBD_HS_InterfaceStrDescriptor
                0x0800c7d4       0x3c ./USB_DEVICE/App/usbd_desc.o
                0x0800c7d4                USBD_HS_InterfaceStrDescriptor
 .text.Get_SerialNum
                0x0800c810       0x58 ./USB_DEVICE/App/usbd_desc.o
 .text.IntToUnicode
                0x0800c868       0x7e ./USB_DEVICE/App/usbd_desc.o
 .text.STORAGE_Init_HS
                0x0800c8e6       0x26 ./USB_DEVICE/App/usbd_storage_if.o
 .text.STORAGE_GetCapacity_HS
                0x0800c90c       0x5c ./USB_DEVICE/App/usbd_storage_if.o
 .text.STORAGE_IsReady_HS
                0x0800c968       0x2a ./USB_DEVICE/App/usbd_storage_if.o
 .text.STORAGE_IsWriteProtected_HS
                0x0800c992       0x18 ./USB_DEVICE/App/usbd_storage_if.o
 .text.STORAGE_Read_HS
                0x0800c9aa       0x34 ./USB_DEVICE/App/usbd_storage_if.o
 .text.STORAGE_Write_HS
                0x0800c9de       0x34 ./USB_DEVICE/App/usbd_storage_if.o
 .text.STORAGE_GetMaxLun_HS
                0x0800ca12       0x10 ./USB_DEVICE/App/usbd_storage_if.o
 *fill*         0x0800ca22        0x2 
 .text.HAL_PCD_MspInit
                0x0800ca24       0xbc ./USB_DEVICE/Target/usbd_conf.o
                0x0800ca24                HAL_PCD_MspInit
 .text.HAL_PCD_SetupStageCallback
                0x0800cae0       0x24 ./USB_DEVICE/Target/usbd_conf.o
                0x0800cae0                HAL_PCD_SetupStageCallback
 .text.HAL_PCD_DataOutStageCallback
                0x0800cb04       0x36 ./USB_DEVICE/Target/usbd_conf.o
                0x0800cb04                HAL_PCD_DataOutStageCallback
 .text.HAL_PCD_DataInStageCallback
                0x0800cb3a       0x34 ./USB_DEVICE/Target/usbd_conf.o
                0x0800cb3a                HAL_PCD_DataInStageCallback
 .text.HAL_PCD_SOFCallback
                0x0800cb6e       0x1c ./USB_DEVICE/Target/usbd_conf.o
                0x0800cb6e                HAL_PCD_SOFCallback
 .text.HAL_PCD_ResetCallback
                0x0800cb8a       0x50 ./USB_DEVICE/Target/usbd_conf.o
                0x0800cb8a                HAL_PCD_ResetCallback
 *fill*         0x0800cbda        0x2 
 .text.HAL_PCD_SuspendCallback
                0x0800cbdc       0x4c ./USB_DEVICE/Target/usbd_conf.o
                0x0800cbdc                HAL_PCD_SuspendCallback
 .text.HAL_PCD_ResumeCallback
                0x0800cc28       0x1c ./USB_DEVICE/Target/usbd_conf.o
                0x0800cc28                HAL_PCD_ResumeCallback
 .text.HAL_PCD_ISOOUTIncompleteCallback
                0x0800cc44       0x24 ./USB_DEVICE/Target/usbd_conf.o
                0x0800cc44                HAL_PCD_ISOOUTIncompleteCallback
 .text.HAL_PCD_ISOINIncompleteCallback
                0x0800cc68       0x24 ./USB_DEVICE/Target/usbd_conf.o
                0x0800cc68                HAL_PCD_ISOINIncompleteCallback
 .text.HAL_PCD_ConnectCallback
                0x0800cc8c       0x1c ./USB_DEVICE/Target/usbd_conf.o
                0x0800cc8c                HAL_PCD_ConnectCallback
 .text.HAL_PCD_DisconnectCallback
                0x0800cca8       0x1c ./USB_DEVICE/Target/usbd_conf.o
                0x0800cca8                HAL_PCD_DisconnectCallback
 .text.USBD_LL_Init
                0x0800ccc4       0xa4 ./USB_DEVICE/Target/usbd_conf.o
                0x0800ccc4                USBD_LL_Init
 .text.USBD_LL_Start
                0x0800cd68       0x36 ./USB_DEVICE/Target/usbd_conf.o
                0x0800cd68                USBD_LL_Start
 .text.USBD_LL_OpenEP
                0x0800cd9e       0x4c ./USB_DEVICE/Target/usbd_conf.o
                0x0800cd9e                USBD_LL_OpenEP
 .text.USBD_LL_CloseEP
                0x0800cdea       0x3e ./USB_DEVICE/Target/usbd_conf.o
                0x0800cdea                USBD_LL_CloseEP
 .text.USBD_LL_FlushEP
                0x0800ce28       0x3e ./USB_DEVICE/Target/usbd_conf.o
                0x0800ce28                USBD_LL_FlushEP
 .text.USBD_LL_StallEP
                0x0800ce66       0x3e ./USB_DEVICE/Target/usbd_conf.o
                0x0800ce66                USBD_LL_StallEP
 .text.USBD_LL_ClearStallEP
                0x0800cea4       0x3e ./USB_DEVICE/Target/usbd_conf.o
                0x0800cea4                USBD_LL_ClearStallEP
 .text.USBD_LL_IsStallEP
                0x0800cee2       0x58 ./USB_DEVICE/Target/usbd_conf.o
                0x0800cee2                USBD_LL_IsStallEP
 .text.USBD_LL_SetUSBAddress
                0x0800cf3a       0x3e ./USB_DEVICE/Target/usbd_conf.o
                0x0800cf3a                USBD_LL_SetUSBAddress
 .text.USBD_LL_Transmit
                0x0800cf78       0x42 ./USB_DEVICE/Target/usbd_conf.o
                0x0800cf78                USBD_LL_Transmit
 .text.USBD_LL_PrepareReceive
                0x0800cfba       0x42 ./USB_DEVICE/Target/usbd_conf.o
                0x0800cfba                USBD_LL_PrepareReceive
 .text.USBD_LL_GetRxDataSize
                0x0800cffc       0x26 ./USB_DEVICE/Target/usbd_conf.o
                0x0800cffc                USBD_LL_GetRxDataSize
 *fill*         0x0800d022        0x2 
 .text.USBD_static_malloc
                0x0800d024       0x1c ./USB_DEVICE/Target/usbd_conf.o
                0x0800d024                USBD_static_malloc
 .text.USBD_static_free
                0x0800d040       0x14 ./USB_DEVICE/Target/usbd_conf.o
                0x0800d040                USBD_static_free
 .text.USBD_Get_USB_Status
                0x0800d054       0x58 ./USB_DEVICE/Target/usbd_conf.o
                0x0800d054                USBD_Get_USB_Status
 .text._vsnprintf_r
                0x0800d0ac       0x5c D:/ST/STM32CubeIDE_1.18.0/STM32CubeIDE/plugins/com.st.stm32cube.ide.mcu.externaltools.gnu-tools-for-stm32.13.3.rel1.win32_1.0.0.202411081344/tools/bin/../lib/gcc/arm-none-eabi/13.3.1/../../../../arm-none-eabi/lib/thumb/v7e-m+fp/hard\libc_nano.a(libc_a-vsnprintf.o)
                0x0800d0ac                _vsniprintf_r
                0x0800d0ac                _vsnprintf_r
 .text.vsnprintf
                0x0800d108       0x1c D:/ST/STM32CubeIDE_1.18.0/STM32CubeIDE/plugins/com.st.stm32cube.ide.mcu.externaltools.gnu-tools-for-stm32.13.3.rel1.win32_1.0.0.202411081344/tools/bin/../lib/gcc/arm-none-eabi/13.3.1/../../../../arm-none-eabi/lib/thumb/v7e-m+fp/hard\libc_nano.a(libc_a-vsnprintf.o)
                0x0800d108                vsniprintf
                0x0800d108                vsnprintf
 .text.memset   0x0800d124       0x10 D:/ST/STM32CubeIDE_1.18.0/STM32CubeIDE/plugins/com.st.stm32cube.ide.mcu.externaltools.gnu-tools-for-stm32.13.3.rel1.win32_1.0.0.202411081344/tools/bin/../lib/gcc/arm-none-eabi/13.3.1/../../../../arm-none-eabi/lib/thumb/v7e-m+fp/hard\libc_nano.a(libc_a-memset.o)
                0x0800d124                memset
 .text.__errno  0x0800d134        0xc D:/ST/STM32CubeIDE_1.18.0/STM32CubeIDE/plugins/com.st.stm32cube.ide.mcu.externaltools.gnu-tools-for-stm32.13.3.rel1.win32_1.0.0.202411081344/tools/bin/../lib/gcc/arm-none-eabi/13.3.1/../../../../arm-none-eabi/lib/thumb/v7e-m+fp/hard\libc_nano.a(libc_a-errno.o)
                0x0800d134                __errno
 .text.__libc_init_array
                0x0800d140       0x48 D:/ST/STM32CubeIDE_1.18.0/STM32CubeIDE/plugins/com.st.stm32cube.ide.mcu.externaltools.gnu-tools-for-stm32.13.3.rel1.win32_1.0.0.202411081344/tools/bin/../lib/gcc/arm-none-eabi/13.3.1/../../../../arm-none-eabi/lib/thumb/v7e-m+fp/hard\libc_nano.a(libc_a-init.o)
                0x0800d140                __libc_init_array
 .text.__retarget_lock_acquire_recursive
                0x0800d188        0x2 D:/ST/STM32CubeIDE_1.18.0/STM32CubeIDE/plugins/com.st.stm32cube.ide.mcu.externaltools.gnu-tools-for-stm32.13.3.rel1.win32_1.0.0.202411081344/tools/bin/../lib/gcc/arm-none-eabi/13.3.1/../../../../arm-none-eabi/lib/thumb/v7e-m+fp/hard\libc_nano.a(libc_a-lock.o)
                0x0800d188                __retarget_lock_acquire_recursive
 .text.__retarget_lock_release_recursive
                0x0800d18a        0x2 D:/ST/STM32CubeIDE_1.18.0/STM32CubeIDE/plugins/com.st.stm32cube.ide.mcu.externaltools.gnu-tools-for-stm32.13.3.rel1.win32_1.0.0.202411081344/tools/bin/../lib/gcc/arm-none-eabi/13.3.1/../../../../arm-none-eabi/lib/thumb/v7e-m+fp/hard\libc_nano.a(libc_a-lock.o)
                0x0800d18a                __retarget_lock_release_recursive
 .text._free_r  0x0800d18c       0x94 D:/ST/STM32CubeIDE_1.18.0/STM32CubeIDE/plugins/com.st.stm32cube.ide.mcu.externaltools.gnu-tools-for-stm32.13.3.rel1.win32_1.0.0.202411081344/tools/bin/../lib/gcc/arm-none-eabi/13.3.1/../../../../arm-none-eabi/lib/thumb/v7e-m+fp/hard\libc_nano.a(libc_a-freer.o)
                0x0800d18c                _free_r
 .text.sbrk_aligned
                0x0800d220       0x44 D:/ST/STM32CubeIDE_1.18.0/STM32CubeIDE/plugins/com.st.stm32cube.ide.mcu.externaltools.gnu-tools-for-stm32.13.3.rel1.win32_1.0.0.202411081344/tools/bin/../lib/gcc/arm-none-eabi/13.3.1/../../../../arm-none-eabi/lib/thumb/v7e-m+fp/hard\libc_nano.a(libc_a-mallocr.o)
 .text._malloc_r
                0x0800d264      0x100 D:/ST/STM32CubeIDE_1.18.0/STM32CubeIDE/plugins/com.st.stm32cube.ide.mcu.externaltools.gnu-tools-for-stm32.13.3.rel1.win32_1.0.0.202411081344/tools/bin/../lib/gcc/arm-none-eabi/13.3.1/../../../../arm-none-eabi/lib/thumb/v7e-m+fp/hard\libc_nano.a(libc_a-mallocr.o)
                0x0800d264                _malloc_r
 .text.__malloc_lock
                0x0800d364        0xc D:/ST/STM32CubeIDE_1.18.0/STM32CubeIDE/plugins/com.st.stm32cube.ide.mcu.externaltools.gnu-tools-for-stm32.13.3.rel1.win32_1.0.0.202411081344/tools/bin/../lib/gcc/arm-none-eabi/13.3.1/../../../../arm-none-eabi/lib/thumb/v7e-m+fp/hard\libc_nano.a(libc_a-mlock.o)
                0x0800d364                __malloc_lock
 .text.__malloc_unlock
                0x0800d370        0xc D:/ST/STM32CubeIDE_1.18.0/STM32CubeIDE/plugins/com.st.stm32cube.ide.mcu.externaltools.gnu-tools-for-stm32.13.3.rel1.win32_1.0.0.202411081344/tools/bin/../lib/gcc/arm-none-eabi/13.3.1/../../../../arm-none-eabi/lib/thumb/v7e-m+fp/hard\libc_nano.a(libc_a-mlock.o)
                0x0800d370                __malloc_unlock
 .text.__ssputs_r
                0x0800d37c       0xb6 D:/ST/STM32CubeIDE_1.18.0/STM32CubeIDE/plugins/com.st.stm32cube.ide.mcu.externaltools.gnu-tools-for-stm32.13.3.rel1.win32_1.0.0.202411081344/tools/bin/../lib/gcc/arm-none-eabi/13.3.1/../../../../arm-none-eabi/lib/thumb/v7e-m+fp/hard\libc_nano.a(libc_a-nano-svfprintf.o)
                0x0800d37c                __ssputs_r
 *fill*         0x0800d432        0x2 
 .text._svfprintf_r
                0x0800d434      0x1f8 D:/ST/STM32CubeIDE_1.18.0/STM32CubeIDE/plugins/com.st.stm32cube.ide.mcu.externaltools.gnu-tools-for-stm32.13.3.rel1.win32_1.0.0.202411081344/tools/bin/../lib/gcc/arm-none-eabi/13.3.1/../../../../arm-none-eabi/lib/thumb/v7e-m+fp/hard\libc_nano.a(libc_a-nano-svfprintf.o)
                0x0800d434                _svfiprintf_r
                0x0800d434                _svfprintf_r
 .text._printf_common
                0x0800d62c       0xda D:/ST/STM32CubeIDE_1.18.0/STM32CubeIDE/plugins/com.st.stm32cube.ide.mcu.externaltools.gnu-tools-for-stm32.13.3.rel1.win32_1.0.0.202411081344/tools/bin/../lib/gcc/arm-none-eabi/13.3.1/../../../../arm-none-eabi/lib/thumb/v7e-m+fp/hard\libc_nano.a(libc_a-nano-vfprintf_i.o)
                0x0800d62c                _printf_common
 *fill*         0x0800d706        0x2 
 .text._printf_i
                0x0800d708      0x23c D:/ST/STM32CubeIDE_1.18.0/STM32CubeIDE/plugins/com.st.stm32cube.ide.mcu.externaltools.gnu-tools-for-stm32.13.3.rel1.win32_1.0.0.202411081344/tools/bin/../lib/gcc/arm-none-eabi/13.3.1/../../../../arm-none-eabi/lib/thumb/v7e-m+fp/hard\libc_nano.a(libc_a-nano-vfprintf_i.o)
                0x0800d708                _printf_i
 .text.memmove  0x0800d944       0x34 D:/ST/STM32CubeIDE_1.18.0/STM32CubeIDE/plugins/com.st.stm32cube.ide.mcu.externaltools.gnu-tools-for-stm32.13.3.rel1.win32_1.0.0.202411081344/tools/bin/../lib/gcc/arm-none-eabi/13.3.1/../../../../arm-none-eabi/lib/thumb/v7e-m+fp/hard\libc_nano.a(libc_a-memmove.o)
                0x0800d944                memmove
 .text._sbrk_r  0x0800d978       0x20 D:/ST/STM32CubeIDE_1.18.0/STM32CubeIDE/plugins/com.st.stm32cube.ide.mcu.externaltools.gnu-tools-for-stm32.13.3.rel1.win32_1.0.0.202411081344/tools/bin/../lib/gcc/arm-none-eabi/13.3.1/../../../../arm-none-eabi/lib/thumb/v7e-m+fp/hard\libc_nano.a(libc_a-sbrkr.o)
                0x0800d978                _sbrk_r
 .text.memcpy   0x0800d998       0x1c D:/ST/STM32CubeIDE_1.18.0/STM32CubeIDE/plugins/com.st.stm32cube.ide.mcu.externaltools.gnu-tools-for-stm32.13.3.rel1.win32_1.0.0.202411081344/tools/bin/../lib/gcc/arm-none-eabi/13.3.1/../../../../arm-none-eabi/lib/thumb/v7e-m+fp/hard\libc_nano.a(libc_a-memcpy-stub.o)
                0x0800d998                memcpy
 .text._realloc_r
                0x0800d9b4       0x5c D:/ST/STM32CubeIDE_1.18.0/STM32CubeIDE/plugins/com.st.stm32cube.ide.mcu.externaltools.gnu-tools-for-stm32.13.3.rel1.win32_1.0.0.202411081344/tools/bin/../lib/gcc/arm-none-eabi/13.3.1/../../../../arm-none-eabi/lib/thumb/v7e-m+fp/hard\libc_nano.a(libc_a-reallocr.o)
                0x0800d9b4                _realloc_r
 .text._malloc_usable_size_r
                0x0800da10       0x10 D:/ST/STM32CubeIDE_1.18.0/STM32CubeIDE/plugins/com.st.stm32cube.ide.mcu.externaltools.gnu-tools-for-stm32.13.3.rel1.win32_1.0.0.202411081344/tools/bin/../lib/gcc/arm-none-eabi/13.3.1/../../../../arm-none-eabi/lib/thumb/v7e-m+fp/hard\libc_nano.a(libc_a-msizer.o)
                0x0800da10                _malloc_usable_size_r
 *(.glue_7)
 .glue_7        0x0800da20        0x0 linker stubs
 *(.glue_7t)
 .glue_7t       0x0800da20        0x0 linker stubs
 *(.eh_frame)
 .eh_frame      0x0800da20        0x0 D:/ST/STM32CubeIDE_1.18.0/STM32CubeIDE/plugins/com.st.stm32cube.ide.mcu.externaltools.gnu-tools-for-stm32.13.3.rel1.win32_1.0.0.202411081344/tools/bin/../lib/gcc/arm-none-eabi/13.3.1/thumb/v7e-m+fp/hard/crtbegin.o
 *(.init)
 .init          0x0800da20        0x4 D:/ST/STM32CubeIDE_1.18.0/STM32CubeIDE/plugins/com.st.stm32cube.ide.mcu.externaltools.gnu-tools-for-stm32.13.3.rel1.win32_1.0.0.202411081344/tools/bin/../lib/gcc/arm-none-eabi/13.3.1/thumb/v7e-m+fp/hard/crti.o
                0x0800da20                _init
 .init          0x0800da24        0x8 D:/ST/STM32CubeIDE_1.18.0/STM32CubeIDE/plugins/com.st.stm32cube.ide.mcu.externaltools.gnu-tools-for-stm32.13.3.rel1.win32_1.0.0.202411081344/tools/bin/../lib/gcc/arm-none-eabi/13.3.1/thumb/v7e-m+fp/hard/crtn.o
 *(.fini)
 .fini          0x0800da2c        0x4 D:/ST/STM32CubeIDE_1.18.0/STM32CubeIDE/plugins/com.st.stm32cube.ide.mcu.externaltools.gnu-tools-for-stm32.13.3.rel1.win32_1.0.0.202411081344/tools/bin/../lib/gcc/arm-none-eabi/13.3.1/thumb/v7e-m+fp/hard/crti.o
                0x0800da2c                _fini
 .fini          0x0800da30        0x8 D:/ST/STM32CubeIDE_1.18.0/STM32CubeIDE/plugins/com.st.stm32cube.ide.mcu.externaltools.gnu-tools-for-stm32.13.3.rel1.win32_1.0.0.202411081344/tools/bin/../lib/gcc/arm-none-eabi/13.3.1/thumb/v7e-m+fp/hard/crtn.o
                0x0800da38                        . = ALIGN (0x4)
                0x0800da38                        _etext = .

.vfp11_veneer   0x0800da38        0x0
 .vfp11_veneer  0x0800da38        0x0 linker stubs

.v4_bx          0x0800da38        0x0
 .v4_bx         0x0800da38        0x0 linker stubs

.iplt           0x0800da38        0x0
 .iplt          0x0800da38        0x0 D:/ST/STM32CubeIDE_1.18.0/STM32CubeIDE/plugins/com.st.stm32cube.ide.mcu.externaltools.gnu-tools-for-stm32.13.3.rel1.win32_1.0.0.202411081344/tools/bin/../lib/gcc/arm-none-eabi/13.3.1/thumb/v7e-m+fp/hard/crtbegin.o

.rodata         0x0800da38      0x3a8
                0x0800da38                        . = ALIGN (0x4)
 *(.rodata)
 .rodata        0x0800da38      0x1b5 ./Core/Src/main.o
 *fill*         0x0800dbed        0x3 
 .rodata        0x0800dbf0       0x44 ./Middlewares/Third_Party/FatFs/src/ff.o
 .rodata        0x0800dc34       0x78 ./USB_DEVICE/App/usb_device.o
 .rodata        0x0800dcac       0x42 ./USB_DEVICE/App/usbd_desc.o
 *(.rodata*)
 *fill*         0x0800dcee        0x2 
 .rodata.AHBPrescTable
                0x0800dcf0       0x10 ./Core/Src/system_stm32f4xx.o
                0x0800dcf0                AHBPrescTable
 .rodata.APBPrescTable
                0x0800dd00        0x8 ./Core/Src/system_stm32f4xx.o
                0x0800dd00                APBPrescTable
 .rodata.ExCvt  0x0800dd08       0x80 ./Middlewares/Third_Party/FatFs/src/ff.o
 .rodata.STORAGE_Inquirydata_HS
                0x0800dd88       0x24 ./USB_DEVICE/App/usbd_storage_if.o
                0x0800dd88                STORAGE_Inquirydata_HS
 .rodata._svfprintf_r.str1.1
                0x0800ddac       0x33 D:/ST/STM32CubeIDE_1.18.0/STM32CubeIDE/plugins/com.st.stm32cube.ide.mcu.externaltools.gnu-tools-for-stm32.13.3.rel1.win32_1.0.0.202411081344/tools/bin/../lib/gcc/arm-none-eabi/13.3.1/../../../../arm-none-eabi/lib/thumb/v7e-m+fp/hard\libc_nano.a(libc_a-nano-svfprintf.o)
                                 0x11 (size before relaxing)
 .rodata._printf_i.str1.1
                0x0800dddf       0x22 D:/ST/STM32CubeIDE_1.18.0/STM32CubeIDE/plugins/com.st.stm32cube.ide.mcu.externaltools.gnu-tools-for-stm32.13.3.rel1.win32_1.0.0.202411081344/tools/bin/../lib/gcc/arm-none-eabi/13.3.1/../../../../arm-none-eabi/lib/thumb/v7e-m+fp/hard\libc_nano.a(libc_a-nano-vfprintf_i.o)
                0x0800de04                        . = ALIGN (0x4)
 *fill*         0x0800dddf        0x1 

.ARM.extab      0x0800dde0        0x0
                0x0800dde0                        . = ALIGN (0x4)
 *(.ARM.extab* .gnu.linkonce.armextab.*)
                0x0800dde0                        . = ALIGN (0x4)

.ARM            0x0800dde0        0x8
                0x0800dde0                        . = ALIGN (0x4)
                0x0800dde0                        __exidx_start = .
 *(.ARM.exidx*)
 .ARM.exidx     0x0800dde0        0x8 D:/ST/STM32CubeIDE_1.18.0/STM32CubeIDE/plugins/com.st.stm32cube.ide.mcu.externaltools.gnu-tools-for-stm32.13.3.rel1.win32_1.0.0.202411081344/tools/bin/../lib/gcc/arm-none-eabi/13.3.1/../../../../arm-none-eabi/lib/thumb/v7e-m+fp/hard\libc_nano.a(libc_a-strlen.o)
 .ARM.exidx     0x0800dde8        0x0 D:/ST/STM32CubeIDE_1.18.0/STM32CubeIDE/plugins/com.st.stm32cube.ide.mcu.externaltools.gnu-tools-for-stm32.13.3.rel1.win32_1.0.0.202411081344/tools/bin/../lib/gcc/arm-none-eabi/13.3.1/../../../../arm-none-eabi/lib/thumb/v7e-m+fp/hard\libc_nano.a(libc_a-memchr.o)
                                  0x8 (size before relaxing)
 .ARM.exidx     0x0800dde8        0x0 D:/ST/STM32CubeIDE_1.18.0/STM32CubeIDE/plugins/com.st.stm32cube.ide.mcu.externaltools.gnu-tools-for-stm32.13.3.rel1.win32_1.0.0.202411081344/tools/bin/../lib/gcc/arm-none-eabi/13.3.1/thumb/v7e-m+fp/hard\libgcc.a(_udivmoddi4.o)
                                  0x8 (size before relaxing)
                0x0800dde8                        __exidx_end = .
                0x0800dde8                        . = ALIGN (0x4)

.preinit_array  0x0800dde8        0x0
                0x0800dde8                        . = ALIGN (0x4)
                0x0800dde8                        PROVIDE (__preinit_array_start = .)
 *(.preinit_array*)
                0x0800dde8                        PROVIDE (__preinit_array_end = .)
                0x0800dde8                        . = ALIGN (0x4)

.init_array     0x0800dde8        0x4
                0x0800dde8                        . = ALIGN (0x4)
                0x0800dde8                        PROVIDE (__init_array_start = .)
 *(SORT_BY_NAME(.init_array.*))
 *(.init_array*)
 .init_array    0x0800dde8        0x4 D:/ST/STM32CubeIDE_1.18.0/STM32CubeIDE/plugins/com.st.stm32cube.ide.mcu.externaltools.gnu-tools-for-stm32.13.3.rel1.win32_1.0.0.202411081344/tools/bin/../lib/gcc/arm-none-eabi/13.3.1/thumb/v7e-m+fp/hard/crtbegin.o
                0x0800ddec                        PROVIDE (__init_array_end = .)
                0x0800ddec                        . = ALIGN (0x4)

.fini_array     0x0800ddec        0x4
                0x0800ddec                        . = ALIGN (0x4)
                [!provide]                        PROVIDE (__fini_array_start = .)
 *(SORT_BY_NAME(.fini_array.*))
 *(.fini_array*)
 .fini_array    0x0800ddec        0x4 D:/ST/STM32CubeIDE_1.18.0/STM32CubeIDE/plugins/com.st.stm32cube.ide.mcu.externaltools.gnu-tools-for-stm32.13.3.rel1.win32_1.0.0.202411081344/tools/bin/../lib/gcc/arm-none-eabi/13.3.1/thumb/v7e-m+fp/hard/crtbegin.o
                [!provide]                        PROVIDE (__fini_array_end = .)
                0x0800ddf0                        . = ALIGN (0x4)
                0x0800ddf0                        _sidata = LOADADDR (.data)

.rel.dyn        0x0800ddf0        0x0
 .rel.iplt      0x0800ddf0        0x0 D:/ST/STM32CubeIDE_1.18.0/STM32CubeIDE/plugins/com.st.stm32cube.ide.mcu.externaltools.gnu-tools-for-stm32.13.3.rel1.win32_1.0.0.202411081344/tools/bin/../lib/gcc/arm-none-eabi/13.3.1/thumb/v7e-m+fp/hard/crtbegin.o

.data           0x20000000      0x164 load address 0x0800ddf0
                0x20000000                        . = ALIGN (0x4)
                0x20000000                        _sdata = .
 *(.data)
 *(.data*)
 .data.SystemCoreClock
                0x20000000        0x4 ./Core/Src/system_stm32f4xx.o
                0x20000000                SystemCoreClock
 .data.uwTickPrio
                0x20000004        0x4 ./Drivers/STM32F4xx_HAL_Driver/Src/stm32f4xx_hal.o
                0x20000004                uwTickPrio
 .data.uwTickFreq
                0x20000008        0x1 ./Drivers/STM32F4xx_HAL_Driver/Src/stm32f4xx_hal.o
                0x20000008                uwTickFreq
 *fill*         0x20000009        0x3 
 .data.USER_Driver
                0x2000000c       0x14 ./FATFS/Target/user_diskio.o
                0x2000000c                USER_Driver
 .data.Stat     0x20000020        0x1 ./FATFS/Target/user_diskio_spi.o
 *fill*         0x20000021        0x3 
 .data.USBD_MSC
                0x20000024       0x38 ./Middlewares/ST/STM32_USB_Device_Library/Class/MSC/Src/usbd_msc.o
                0x20000024                USBD_MSC
 .data.USBD_MSC_CfgDesc
                0x2000005c       0x20 ./Middlewares/ST/STM32_USB_Device_Library/Class/MSC/Src/usbd_msc.o
 .data.USBD_MSC_DeviceQualifierDesc
                0x2000007c        0xa ./Middlewares/ST/STM32_USB_Device_Library/Class/MSC/Src/usbd_msc.o
 .data.MSCInEpAdd
                0x20000086        0x1 ./Middlewares/ST/STM32_USB_Device_Library/Class/MSC/Src/usbd_msc.o
                0x20000086                MSCInEpAdd
 .data.MSCOutEpAdd
                0x20000087        0x1 ./Middlewares/ST/STM32_USB_Device_Library/Class/MSC/Src/usbd_msc.o
                0x20000087                MSCOutEpAdd
 .data.MSC_Page00_Inquiry_Data
                0x20000088        0x6 ./Middlewares/ST/STM32_USB_Device_Library/Class/MSC/Src/usbd_msc_data.o
                0x20000088                MSC_Page00_Inquiry_Data
 *fill*         0x2000008e        0x2 
 .data.MSC_Page80_Inquiry_Data
                0x20000090        0x8 ./Middlewares/ST/STM32_USB_Device_Library/Class/MSC/Src/usbd_msc_data.o
                0x20000090                MSC_Page80_Inquiry_Data
 .data.MSC_Mode_Sense6_data
                0x20000098        0x4 ./Middlewares/ST/STM32_USB_Device_Library/Class/MSC/Src/usbd_msc_data.o
                0x20000098                MSC_Mode_Sense6_data
 .data.MSC_Mode_Sense10_data
                0x2000009c        0x8 ./Middlewares/ST/STM32_USB_Device_Library/Class/MSC/Src/usbd_msc_data.o
                0x2000009c                MSC_Mode_Sense10_data
 .data.HS_Desc  0x200000a4       0x1c ./USB_DEVICE/App/usbd_desc.o
                0x200000a4                HS_Desc
 .data.USBD_HS_DeviceDesc
                0x200000c0       0x12 ./USB_DEVICE/App/usbd_desc.o
                0x200000c0                USBD_HS_DeviceDesc
 *fill*         0x200000d2        0x2 
 .data.USBD_LangIDDesc
                0x200000d4        0x4 ./USB_DEVICE/App/usbd_desc.o
                0x200000d4                USBD_LangIDDesc
 .data.USBD_StringSerial
                0x200000d8       0x1a ./USB_DEVICE/App/usbd_desc.o
                0x200000d8                USBD_StringSerial
 *fill*         0x200000f2        0x2 
 .data.USBD_Storage_Interface_fops_HS
                0x200000f4       0x20 ./USB_DEVICE/App/usbd_storage_if.o
                0x200000f4                USBD_Storage_Interface_fops_HS
 .data._impure_ptr
                0x20000114        0x4 D:/ST/STM32CubeIDE_1.18.0/STM32CubeIDE/plugins/com.st.stm32cube.ide.mcu.externaltools.gnu-tools-for-stm32.13.3.rel1.win32_1.0.0.202411081344/tools/bin/../lib/gcc/arm-none-eabi/13.3.1/../../../../arm-none-eabi/lib/thumb/v7e-m+fp/hard\libc_nano.a(libc_a-impure.o)
                0x20000114                _impure_ptr
 .data._impure_data
                0x20000118       0x4c D:/ST/STM32CubeIDE_1.18.0/STM32CubeIDE/plugins/com.st.stm32cube.ide.mcu.externaltools.gnu-tools-for-stm32.13.3.rel1.win32_1.0.0.202411081344/tools/bin/../lib/gcc/arm-none-eabi/13.3.1/../../../../arm-none-eabi/lib/thumb/v7e-m+fp/hard\libc_nano.a(libc_a-impure.o)
                0x20000118                _impure_data
 *(.RamFunc)
 *(.RamFunc*)
                0x20000164                        . = ALIGN (0x4)
                0x20000164                        _edata = .
                0x0800df54                        _siccmram = LOADADDR (.ccmram)

.igot.plt       0x20000164        0x0 load address 0x0800df54
 .igot.plt      0x20000164        0x0 D:/ST/STM32CubeIDE_1.18.0/STM32CubeIDE/plugins/com.st.stm32cube.ide.mcu.externaltools.gnu-tools-for-stm32.13.3.rel1.win32_1.0.0.202411081344/tools/bin/../lib/gcc/arm-none-eabi/13.3.1/thumb/v7e-m+fp/hard/crtbegin.o

.ccmram         0x10000000        0x0 load address 0x0800df54
                0x10000000                        . = ALIGN (0x4)
                0x10000000                        _sccmram = .
 *(.ccmram)
 *(.ccmram*)
                0x10000000                        . = ALIGN (0x4)
                0x10000000                        _eccmram = .
                0x10000000                        . = ALIGN (0x4)

.bss            0x20000164      0xfc0
                0x20000164                        _sbss = .
                0x20000164                        __bss_start__ = _sbss
 *(.bss)
 .bss           0x20000164       0x1c D:/ST/STM32CubeIDE_1.18.0/STM32CubeIDE/plugins/com.st.stm32cube.ide.mcu.externaltools.gnu-tools-for-stm32.13.3.rel1.win32_1.0.0.202411081344/tools/bin/../lib/gcc/arm-none-eabi/13.3.1/thumb/v7e-m+fp/hard/crtbegin.o
 *(.bss*)
 .bss.hspi1     0x20000180       0x58 ./Core/Src/main.o
                0x20000180                hspi1
 .bss.huart1    0x200001d8       0x48 ./Core/Src/main.o
                0x200001d8                huart1
 .bss.buffer.0  0x20000220      0x100 ./Core/Src/main.o
 .bss.__sbrk_heap_end
                0x20000320        0x4 ./Core/Src/sysmem.o
 .bss.uwTick    0x20000324        0x4 ./Drivers/STM32F4xx_HAL_Driver/Src/stm32f4xx_hal.o
                0x20000324                uwTick
 .bss.retUSER   0x20000328        0x1 ./FATFS/App/fatfs.o
                0x20000328                retUSER
 *fill*         0x20000329        0x3 
 .bss.USERPath  0x2000032c        0x4 ./FATFS/App/fatfs.o
                0x2000032c                USERPath
 .bss.CardType  0x20000330        0x1 ./FATFS/Target/user_diskio_spi.o
 *fill*         0x20000331        0x3 
 .bss.spiTimerTickStart
                0x20000334        0x4 ./FATFS/Target/user_diskio_spi.o
                0x20000334                spiTimerTickStart
 .bss.spiTimerTickDelay
                0x20000338        0x4 ./FATFS/Target/user_diskio_spi.o
                0x20000338                spiTimerTickDelay
 .bss.MSC_Diagnostic_Data
                0x2000033c        0x8 ./Middlewares/ST/STM32_USB_Device_Library/Class/MSC/Src/usbd_msc_data.o
                0x2000033c                MSC_Diagnostic_Data
 .bss.lun_report.0
                0x20000344       0x18 ./Middlewares/ST/STM32_USB_Device_Library/Class/MSC/Src/usbd_msc_scsi.o
 .bss.cfgidx.0  0x2000035c        0x1 ./Middlewares/ST/STM32_USB_Device_Library/Core/Src/usbd_ctlreq.o
 *fill*         0x2000035d        0x3 
 .bss.FatFs     0x20000360        0x4 ./Middlewares/Third_Party/FatFs/src/ff.o
 .bss.Fsid      0x20000364        0x2 ./Middlewares/Third_Party/FatFs/src/ff.o
 *fill*         0x20000366        0x2 
 .bss.Files     0x20000368       0x20 ./Middlewares/Third_Party/FatFs/src/ff.o
 .bss.disk      0x20000388        0xc ./Middlewares/Third_Party/FatFs/src/ff_gen_drv.o
                0x20000388                disk
 .bss.hUsbDeviceHS
                0x20000394      0x2dc ./USB_DEVICE/App/usb_device.o
                0x20000394                hUsbDeviceHS
 .bss.USBD_StrDesc
                0x20000670      0x200 ./USB_DEVICE/App/usbd_desc.o
                0x20000670                USBD_StrDesc
 .bss.hpcd_USB_OTG_HS
                0x20000870      0x4e4 ./USB_DEVICE/Target/usbd_conf.o
                0x20000870                hpcd_USB_OTG_HS
 .bss.mem.0     0x20000d54      0x288 ./USB_DEVICE/Target/usbd_conf.o
 .bss.__sf      0x20000fdc      0x138 D:/ST/STM32CubeIDE_1.18.0/STM32CubeIDE/plugins/com.st.stm32cube.ide.mcu.externaltools.gnu-tools-for-stm32.13.3.rel1.win32_1.0.0.202411081344/tools/bin/../lib/gcc/arm-none-eabi/13.3.1/../../../../arm-none-eabi/lib/thumb/v7e-m+fp/hard\libc_nano.a(libc_a-findfp.o)
                0x20000fdc                __sf
 .bss.errno     0x20001114        0x4 D:/ST/STM32CubeIDE_1.18.0/STM32CubeIDE/plugins/com.st.stm32cube.ide.mcu.externaltools.gnu-tools-for-stm32.13.3.rel1.win32_1.0.0.202411081344/tools/bin/../lib/gcc/arm-none-eabi/13.3.1/../../../../arm-none-eabi/lib/thumb/v7e-m+fp/hard\libc_nano.a(libc_a-reent.o)
                0x20001114                errno
 .bss.__lock___malloc_recursive_mutex
                0x20001118        0x1 D:/ST/STM32CubeIDE_1.18.0/STM32CubeIDE/plugins/com.st.stm32cube.ide.mcu.externaltools.gnu-tools-for-stm32.13.3.rel1.win32_1.0.0.202411081344/tools/bin/../lib/gcc/arm-none-eabi/13.3.1/../../../../arm-none-eabi/lib/thumb/v7e-m+fp/hard\libc_nano.a(libc_a-lock.o)
                0x20001118                __lock___malloc_recursive_mutex
 *fill*         0x20001119        0x3 
 .bss.__malloc_sbrk_start
                0x2000111c        0x4 D:/ST/STM32CubeIDE_1.18.0/STM32CubeIDE/plugins/com.st.stm32cube.ide.mcu.externaltools.gnu-tools-for-stm32.13.3.rel1.win32_1.0.0.202411081344/tools/bin/../lib/gcc/arm-none-eabi/13.3.1/../../../../arm-none-eabi/lib/thumb/v7e-m+fp/hard\libc_nano.a(libc_a-mallocr.o)
                0x2000111c                __malloc_sbrk_start
 .bss.__malloc_free_list
                0x20001120        0x4 D:/ST/STM32CubeIDE_1.18.0/STM32CubeIDE/plugins/com.st.stm32cube.ide.mcu.externaltools.gnu-tools-for-stm32.13.3.rel1.win32_1.0.0.202411081344/tools/bin/../lib/gcc/arm-none-eabi/13.3.1/../../../../arm-none-eabi/lib/thumb/v7e-m+fp/hard\libc_nano.a(libc_a-mallocr.o)
                0x20001120                __malloc_free_list
 *(COMMON)
                0x20001124                        . = ALIGN (0x4)
                0x20001124                        _ebss = .
                0x20001124                        __bss_end__ = _ebss

._user_heap_stack
                0x20001124      0x604
                0x20001128                        . = ALIGN (0x8)
 *fill*         0x20001124        0x4 
                [!provide]                        PROVIDE (end = .)
                0x20001128                        PROVIDE (_end = .)
                0x20001328                        . = (. + _Min_Heap_Size)
 *fill*         0x20001128      0x200 
                0x20001728                        . = (. + _Min_Stack_Size)
 *fill*         0x20001328      0x400 
                0x20001728                        . = ALIGN (0x8)

/DISCARD/
 libc.a(*)
 libm.a(*)
 libgcc.a(*)

.ARM.attributes
                0x00000000       0x30
 *(.ARM.attributes)
 .ARM.attributes
                0x00000000       0x22 D:/ST/STM32CubeIDE_1.18.0/STM32CubeIDE/plugins/com.st.stm32cube.ide.mcu.externaltools.gnu-tools-for-stm32.13.3.rel1.win32_1.0.0.202411081344/tools/bin/../lib/gcc/arm-none-eabi/13.3.1/thumb/v7e-m+fp/hard/crti.o
 .ARM.attributes
                0x00000022       0x34 D:/ST/STM32CubeIDE_1.18.0/STM32CubeIDE/plugins/com.st.stm32cube.ide.mcu.externaltools.gnu-tools-for-stm32.13.3.rel1.win32_1.0.0.202411081344/tools/bin/../lib/gcc/arm-none-eabi/13.3.1/thumb/v7e-m+fp/hard/crtbegin.o
 .ARM.attributes
                0x00000056       0x34 ./Core/Src/main.o
 .ARM.attributes
                0x0000008a       0x34 ./Core/Src/stm32f4xx_hal_msp.o
 .ARM.attributes
                0x000000be       0x34 ./Core/Src/stm32f4xx_it.o
 .ARM.attributes
                0x000000f2       0x34 ./Core/Src/sysmem.o
 .ARM.attributes
                0x00000126       0x34 ./Core/Src/system_stm32f4xx.o
 .ARM.attributes
                0x0000015a       0x21 ./Core/Startup/startup_stm32f429zitx.o
 .ARM.attributes
                0x0000017b       0x34 ./Drivers/STM32F4xx_HAL_Driver/Src/stm32f4xx_hal.o
 .ARM.attributes
                0x000001af       0x34 ./Drivers/STM32F4xx_HAL_Driver/Src/stm32f4xx_hal_cortex.o
 .ARM.attributes
                0x000001e3       0x34 ./Drivers/STM32F4xx_HAL_Driver/Src/stm32f4xx_hal_dma.o
 .ARM.attributes
                0x00000217       0x34 ./Drivers/STM32F4xx_HAL_Driver/Src/stm32f4xx_hal_gpio.o
 .ARM.attributes
                0x0000024b       0x34 ./Drivers/STM32F4xx_HAL_Driver/Src/stm32f4xx_hal_pcd.o
 .ARM.attributes
                0x0000027f       0x34 ./Drivers/STM32F4xx_HAL_Driver/Src/stm32f4xx_hal_pcd_ex.o
 .ARM.attributes
                0x000002b3       0x34 ./Drivers/STM32F4xx_HAL_Driver/Src/stm32f4xx_hal_rcc.o
 .ARM.attributes
                0x000002e7       0x34 ./Drivers/STM32F4xx_HAL_Driver/Src/stm32f4xx_hal_spi.o
 .ARM.attributes
                0x0000031b       0x34 ./Drivers/STM32F4xx_HAL_Driver/Src/stm32f4xx_hal_uart.o
 .ARM.attributes
                0x0000034f       0x34 ./Drivers/STM32F4xx_HAL_Driver/Src/stm32f4xx_ll_usb.o
 .ARM.attributes
                0x00000383       0x34 ./FATFS/App/fatfs.o
 .ARM.attributes
                0x000003b7       0x34 ./FATFS/Target/user_diskio.o
 .ARM.attributes
                0x000003eb       0x34 ./FATFS/Target/user_diskio_spi.o
 .ARM.attributes
                0x0000041f       0x34 ./Middlewares/ST/STM32_USB_Device_Library/Class/MSC/Src/usbd_msc.o
 .ARM.attributes
                0x00000453       0x34 ./Middlewares/ST/STM32_USB_Device_Library/Class/MSC/Src/usbd_msc_bot.o
 .ARM.attributes
                0x00000487       0x34 ./Middlewares/ST/STM32_USB_Device_Library/Class/MSC/Src/usbd_msc_data.o
 .ARM.attributes
                0x000004bb       0x34 ./Middlewares/ST/STM32_USB_Device_Library/Class/MSC/Src/usbd_msc_scsi.o
 .ARM.attributes
                0x000004ef       0x34 ./Middlewares/ST/STM32_USB_Device_Library/Core/Src/usbd_core.o
 .ARM.attributes
                0x00000523       0x34 ./Middlewares/ST/STM32_USB_Device_Library/Core/Src/usbd_ctlreq.o
 .ARM.attributes
                0x00000557       0x34 ./Middlewares/ST/STM32_USB_Device_Library/Core/Src/usbd_ioreq.o
 .ARM.attributes
                0x0000058b       0x34 ./Middlewares/Third_Party/FatFs/src/diskio.o
 .ARM.attributes
                0x000005bf       0x34 ./Middlewares/Third_Party/FatFs/src/ff.o
 .ARM.attributes
                0x000005f3       0x34 ./Middlewares/Third_Party/FatFs/src/ff_gen_drv.o
 .ARM.attributes
                0x00000627       0x34 ./USB_DEVICE/App/usb_device.o
 .ARM.attributes
                0x0000065b       0x34 ./USB_DEVICE/App/usbd_desc.o
 .ARM.attributes
                0x0000068f       0x34 ./USB_DEVICE/App/usbd_storage_if.o
 .ARM.attributes
                0x000006c3       0x34 ./USB_DEVICE/Target/usbd_conf.o
 .ARM.attributes
                0x000006f7       0x34 D:/ST/STM32CubeIDE_1.18.0/STM32CubeIDE/plugins/com.st.stm32cube.ide.mcu.externaltools.gnu-tools-for-stm32.13.3.rel1.win32_1.0.0.202411081344/tools/bin/../lib/gcc/arm-none-eabi/13.3.1/../../../../arm-none-eabi/lib/thumb/v7e-m+fp/hard\libc_nano.a(libc_a-findfp.o)
 .ARM.attributes
                0x0000072b       0x34 D:/ST/STM32CubeIDE_1.18.0/STM32CubeIDE/plugins/com.st.stm32cube.ide.mcu.externaltools.gnu-tools-for-stm32.13.3.rel1.win32_1.0.0.202411081344/tools/bin/../lib/gcc/arm-none-eabi/13.3.1/../../../../arm-none-eabi/lib/thumb/v7e-m+fp/hard\libc_nano.a(libc_a-vsnprintf.o)
 .ARM.attributes
                0x0000075f       0x34 D:/ST/STM32CubeIDE_1.18.0/STM32CubeIDE/plugins/com.st.stm32cube.ide.mcu.externaltools.gnu-tools-for-stm32.13.3.rel1.win32_1.0.0.202411081344/tools/bin/../lib/gcc/arm-none-eabi/13.3.1/../../../../arm-none-eabi/lib/thumb/v7e-m+fp/hard\libc_nano.a(libc_a-memset.o)
 .ARM.attributes
                0x00000793       0x34 D:/ST/STM32CubeIDE_1.18.0/STM32CubeIDE/plugins/com.st.stm32cube.ide.mcu.externaltools.gnu-tools-for-stm32.13.3.rel1.win32_1.0.0.202411081344/tools/bin/../lib/gcc/arm-none-eabi/13.3.1/../../../../arm-none-eabi/lib/thumb/v7e-m+fp/hard\libc_nano.a(libc_a-reent.o)
 .ARM.attributes
                0x000007c7       0x34 D:/ST/STM32CubeIDE_1.18.0/STM32CubeIDE/plugins/com.st.stm32cube.ide.mcu.externaltools.gnu-tools-for-stm32.13.3.rel1.win32_1.0.0.202411081344/tools/bin/../lib/gcc/arm-none-eabi/13.3.1/../../../../arm-none-eabi/lib/thumb/v7e-m+fp/hard\libc_nano.a(libc_a-impure.o)
 .ARM.attributes
                0x000007fb       0x34 D:/ST/STM32CubeIDE_1.18.0/STM32CubeIDE/plugins/com.st.stm32cube.ide.mcu.externaltools.gnu-tools-for-stm32.13.3.rel1.win32_1.0.0.202411081344/tools/bin/../lib/gcc/arm-none-eabi/13.3.1/../../../../arm-none-eabi/lib/thumb/v7e-m+fp/hard\libc_nano.a(libc_a-errno.o)
 .ARM.attributes
                0x0000082f       0x34 D:/ST/STM32CubeIDE_1.18.0/STM32CubeIDE/plugins/com.st.stm32cube.ide.mcu.externaltools.gnu-tools-for-stm32.13.3.rel1.win32_1.0.0.202411081344/tools/bin/../lib/gcc/arm-none-eabi/13.3.1/../../../../arm-none-eabi/lib/thumb/v7e-m+fp/hard\libc_nano.a(libc_a-init.o)
 .ARM.attributes
                0x00000863       0x34 D:/ST/STM32CubeIDE_1.18.0/STM32CubeIDE/plugins/com.st.stm32cube.ide.mcu.externaltools.gnu-tools-for-stm32.13.3.rel1.win32_1.0.0.202411081344/tools/bin/../lib/gcc/arm-none-eabi/13.3.1/../../../../arm-none-eabi/lib/thumb/v7e-m+fp/hard\libc_nano.a(libc_a-lock.o)
 .ARM.attributes